Archive member included because of file (symbol)

c:/program files (x86)/atmel/atmel toolchain/avr8 gcc/native/3.4.2.1002/avr8-gnu-toolchain/bin/../lib/gcc/avr/4.7.2/avr5\libgcc.a(_exit.o)
                              c:/program files (x86)/atmel/atmel toolchain/avr8 gcc/native/3.4.2.1002/avr8-gnu-toolchain/bin/../lib/gcc/avr/4.7.2/../../../../avr/lib/avr5/crtm32.o (exit)
c:/program files (x86)/atmel/atmel toolchain/avr8 gcc/native/3.4.2.1002/avr8-gnu-toolchain/bin/../lib/gcc/avr/4.7.2/avr5\libgcc.a(_copy_data.o)
                              machine.o (__do_copy_data)
c:/program files (x86)/atmel/atmel toolchain/avr8 gcc/native/3.4.2.1002/avr8-gnu-toolchain/bin/../lib/gcc/avr/4.7.2/avr5\libgcc.a(_clear_bss.o)
                              external_interupt.o (__do_clear_bss)

Discarded input sections

 .bss           0x00000000        0x0 c:/program files (x86)/atmel/atmel toolchain/avr8 gcc/native/3.4.2.1002/avr8-gnu-toolchain/bin/../lib/gcc/avr/4.7.2/../../../../avr/lib/avr5/crtm32.o
 .text          0x00000000        0x0 Coffee_Machain_project.o
 .bss           0x00000000        0x0 Coffee_Machain_project.o
 .text          0x00000000        0x0 external_interupt.o
 .bss           0x00000000        0x0 external_interupt.o
 .text.hal_ex_interrupt_Initi
                0x00000000       0xf0 external_interupt.o
 .text          0x00000000        0x0 GPIO.o
 .bss           0x00000000        0x0 GPIO.o
 .text.GPIO_Pin_Togal
                0x00000000       0x7c GPIO.o
 .text          0x00000000        0x0 hal_adc.o
 .bss           0x00000000        0x0 hal_adc.o
 .text.hal_adc_init
                0x00000000       0x5a hal_adc.o
 .text.hal_adc_read_channel
                0x00000000       0x36 hal_adc.o
 .text          0x00000000        0x0 hal_timer.o
 .bss           0x00000000        0x0 hal_timer.o
 .text.interupt_config
                0x00000000        0xe hal_timer.o
 .text.hal_init_timer
                0x00000000       0xb2 hal_timer.o
 .text.hal_start_timer
                0x00000000       0x32 hal_timer.o
 .text.hal_read_timer
                0x00000000       0x1a hal_timer.o
 .text.hal_is_timer_finish
                0x00000000       0x10 hal_timer.o
 .text.hal_update_timer
                0x00000000        0xc hal_timer.o
 .text.hal_update_cmp_timer
                0x00000000        0xe hal_timer.o
 .text.hal_deinit_timer
                0x00000000       0x14 hal_timer.o
 .text          0x00000000        0x0 Keypad.o
 .bss           0x00000000        0x0 Keypad.o
 .text          0x00000000        0x0 lcd.o
 .bss           0x00000000        0x0 lcd.o
 .text.Lcd_Off  0x00000000        0xa lcd.o
 .text          0x00000000        0x0 machine.o
 .bss           0x00000000        0x0 machine.o
 .text.Sotp_machine_working
                0x00000000        0x4 machine.o
 .text          0x00000000        0x0 TMU.o
 .bss           0x00000000        0x0 TMU.o
 .text.counter_time
                0x00000000       0x20 TMU.o
 .text.tmu_init
                0x00000000       0x28 TMU.o
 .text.start_timer
                0x00000000       0xbe TMU.o
 .text.stop_timer
                0x00000000       0x62 TMU.o
 .text.tum_dispatch
                0x00000000       0x7c TMU.o
 .bss.ga_str_t  0x00000000        0x8 TMU.o
 .bss.used_timers
                0x00000000        0x1 TMU.o
 .bss.init_flag
                0x00000000        0x1 TMU.o
 .bss.resolution
                0x00000000        0x1 TMU.o
 .text          0x00000000        0x0 c:/program files (x86)/atmel/atmel toolchain/avr8 gcc/native/3.4.2.1002/avr8-gnu-toolchain/bin/../lib/gcc/avr/4.7.2/avr5\libgcc.a(_exit.o)
 .bss           0x00000000        0x0 c:/program files (x86)/atmel/atmel toolchain/avr8 gcc/native/3.4.2.1002/avr8-gnu-toolchain/bin/../lib/gcc/avr/4.7.2/avr5\libgcc.a(_exit.o)
 .text.libgcc.mul
                0x00000000        0x0 c:/program files (x86)/atmel/atmel toolchain/avr8 gcc/native/3.4.2.1002/avr8-gnu-toolchain/bin/../lib/gcc/avr/4.7.2/avr5\libgcc.a(_exit.o)
 .text.libgcc.div
                0x00000000        0x0 c:/program files (x86)/atmel/atmel toolchain/avr8 gcc/native/3.4.2.1002/avr8-gnu-toolchain/bin/../lib/gcc/avr/4.7.2/avr5\libgcc.a(_exit.o)
 .text.libgcc   0x00000000        0x0 c:/program files (x86)/atmel/atmel toolchain/avr8 gcc/native/3.4.2.1002/avr8-gnu-toolchain/bin/../lib/gcc/avr/4.7.2/avr5\libgcc.a(_exit.o)
 .text.libgcc.prologue
                0x00000000        0x0 c:/program files (x86)/atmel/atmel toolchain/avr8 gcc/native/3.4.2.1002/avr8-gnu-toolchain/bin/../lib/gcc/avr/4.7.2/avr5\libgcc.a(_exit.o)
 .text.libgcc.builtins
                0x00000000        0x0 c:/program files (x86)/atmel/atmel toolchain/avr8 gcc/native/3.4.2.1002/avr8-gnu-toolchain/bin/../lib/gcc/avr/4.7.2/avr5\libgcc.a(_exit.o)
 .text.libgcc.fmul
                0x00000000        0x0 c:/program files (x86)/atmel/atmel toolchain/avr8 gcc/native/3.4.2.1002/avr8-gnu-toolchain/bin/../lib/gcc/avr/4.7.2/avr5\libgcc.a(_exit.o)
 .text          0x00000000        0x0 c:/program files (x86)/atmel/atmel toolchain/avr8 gcc/native/3.4.2.1002/avr8-gnu-toolchain/bin/../lib/gcc/avr/4.7.2/avr5\libgcc.a(_copy_data.o)
 .bss           0x00000000        0x0 c:/program files (x86)/atmel/atmel toolchain/avr8 gcc/native/3.4.2.1002/avr8-gnu-toolchain/bin/../lib/gcc/avr/4.7.2/avr5\libgcc.a(_copy_data.o)
 .text.libgcc.mul
                0x00000000        0x0 c:/program files (x86)/atmel/atmel toolchain/avr8 gcc/native/3.4.2.1002/avr8-gnu-toolchain/bin/../lib/gcc/avr/4.7.2/avr5\libgcc.a(_copy_data.o)
 .text.libgcc.div
                0x00000000        0x0 c:/program files (x86)/atmel/atmel toolchain/avr8 gcc/native/3.4.2.1002/avr8-gnu-toolchain/bin/../lib/gcc/avr/4.7.2/avr5\libgcc.a(_copy_data.o)
 .text.libgcc   0x00000000        0x0 c:/program files (x86)/atmel/atmel toolchain/avr8 gcc/native/3.4.2.1002/avr8-gnu-toolchain/bin/../lib/gcc/avr/4.7.2/avr5\libgcc.a(_copy_data.o)
 .text.libgcc.prologue
                0x00000000        0x0 c:/program files (x86)/atmel/atmel toolchain/avr8 gcc/native/3.4.2.1002/avr8-gnu-toolchain/bin/../lib/gcc/avr/4.7.2/avr5\libgcc.a(_copy_data.o)
 .text.libgcc.builtins
                0x00000000        0x0 c:/program files (x86)/atmel/atmel toolchain/avr8 gcc/native/3.4.2.1002/avr8-gnu-toolchain/bin/../lib/gcc/avr/4.7.2/avr5\libgcc.a(_copy_data.o)
 .text.libgcc.fmul
                0x00000000        0x0 c:/program files (x86)/atmel/atmel toolchain/avr8 gcc/native/3.4.2.1002/avr8-gnu-toolchain/bin/../lib/gcc/avr/4.7.2/avr5\libgcc.a(_copy_data.o)
 .text          0x00000000        0x0 c:/program files (x86)/atmel/atmel toolchain/avr8 gcc/native/3.4.2.1002/avr8-gnu-toolchain/bin/../lib/gcc/avr/4.7.2/avr5\libgcc.a(_clear_bss.o)
 .bss           0x00000000        0x0 c:/program files (x86)/atmel/atmel toolchain/avr8 gcc/native/3.4.2.1002/avr8-gnu-toolchain/bin/../lib/gcc/avr/4.7.2/avr5\libgcc.a(_clear_bss.o)
 .text.libgcc.mul
                0x00000000        0x0 c:/program files (x86)/atmel/atmel toolchain/avr8 gcc/native/3.4.2.1002/avr8-gnu-toolchain/bin/../lib/gcc/avr/4.7.2/avr5\libgcc.a(_clear_bss.o)
 .text.libgcc.div
                0x00000000        0x0 c:/program files (x86)/atmel/atmel toolchain/avr8 gcc/native/3.4.2.1002/avr8-gnu-toolchain/bin/../lib/gcc/avr/4.7.2/avr5\libgcc.a(_clear_bss.o)
 .text.libgcc   0x00000000        0x0 c:/program files (x86)/atmel/atmel toolchain/avr8 gcc/native/3.4.2.1002/avr8-gnu-toolchain/bin/../lib/gcc/avr/4.7.2/avr5\libgcc.a(_clear_bss.o)
 .text.libgcc.prologue
                0x00000000        0x0 c:/program files (x86)/atmel/atmel toolchain/avr8 gcc/native/3.4.2.1002/avr8-gnu-toolchain/bin/../lib/gcc/avr/4.7.2/avr5\libgcc.a(_clear_bss.o)
 .text.libgcc.builtins
                0x00000000        0x0 c:/program files (x86)/atmel/atmel toolchain/avr8 gcc/native/3.4.2.1002/avr8-gnu-toolchain/bin/../lib/gcc/avr/4.7.2/avr5\libgcc.a(_clear_bss.o)
 .text.libgcc.fmul
                0x00000000        0x0 c:/program files (x86)/atmel/atmel toolchain/avr8 gcc/native/3.4.2.1002/avr8-gnu-toolchain/bin/../lib/gcc/avr/4.7.2/avr5\libgcc.a(_clear_bss.o)

Memory Configuration

Name             Origin             Length             Attributes
text             0x00000000         0x00020000         xr
data             0x00800060         0x0000ffa0         rw !x
eeprom           0x00810000         0x00010000         rw !x
fuse             0x00820000         0x00000400         rw !x
lock             0x00830000         0x00000400         rw !x
signature        0x00840000         0x00000400         rw !x
user_signatures  0x00850000         0x00000400         rw !x
*default*        0x00000000         0xffffffff

Linker script and memory map

LOAD c:/program files (x86)/atmel/atmel toolchain/avr8 gcc/native/3.4.2.1002/avr8-gnu-toolchain/bin/../lib/gcc/avr/4.7.2/../../../../avr/lib/avr5/crtm32.o
LOAD Coffee_Machain_project.o
LOAD external_interupt.o
LOAD GPIO.o
LOAD hal_adc.o
LOAD hal_timer.o
LOAD Keypad.o
LOAD lcd.o
LOAD machine.o
LOAD TMU.o
START GROUP
LOAD c:/program files (x86)/atmel/atmel toolchain/avr8 gcc/native/3.4.2.1002/avr8-gnu-toolchain/bin/../lib/gcc/avr/4.7.2/../../../../avr/lib/avr5\libm.a
END GROUP
LOAD c:/program files (x86)/atmel/atmel toolchain/avr8 gcc/native/3.4.2.1002/avr8-gnu-toolchain/bin/../lib/gcc/avr/4.7.2/avr5\libgcc.a
LOAD c:/program files (x86)/atmel/atmel toolchain/avr8 gcc/native/3.4.2.1002/avr8-gnu-toolchain/bin/../lib/gcc/avr/4.7.2/../../../../avr/lib/avr5\libc.a
LOAD c:/program files (x86)/atmel/atmel toolchain/avr8 gcc/native/3.4.2.1002/avr8-gnu-toolchain/bin/../lib/gcc/avr/4.7.2/avr5\libgcc.a

.hash
 *(.hash)

.dynsym
 *(.dynsym)

.dynstr
 *(.dynstr)

.gnu.version
 *(.gnu.version)

.gnu.version_d
 *(.gnu.version_d)

.gnu.version_r
 *(.gnu.version_r)

.rel.init
 *(.rel.init)

.rela.init
 *(.rela.init)

.rel.text
 *(.rel.text)
 *(.rel.text.*)
 *(.rel.gnu.linkonce.t*)

.rela.text
 *(.rela.text)
 *(.rela.text.*)
 *(.rela.gnu.linkonce.t*)

.rel.fini
 *(.rel.fini)

.rela.fini
 *(.rela.fini)

.rel.rodata
 *(.rel.rodata)
 *(.rel.rodata.*)
 *(.rel.gnu.linkonce.r*)

.rela.rodata
 *(.rela.rodata)
 *(.rela.rodata.*)
 *(.rela.gnu.linkonce.r*)

.rel.data
 *(.rel.data)
 *(.rel.data.*)
 *(.rel.gnu.linkonce.d*)

.rela.data
 *(.rela.data)
 *(.rela.data.*)
 *(.rela.gnu.linkonce.d*)

.rel.ctors
 *(.rel.ctors)

.rela.ctors
 *(.rela.ctors)

.rel.dtors
 *(.rel.dtors)

.rela.dtors
 *(.rela.dtors)

.rel.got
 *(.rel.got)

.rela.got
 *(.rela.got)

.rel.bss
 *(.rel.bss)

.rela.bss
 *(.rela.bss)

.rel.plt
 *(.rel.plt)

.rela.plt
 *(.rela.plt)

.text           0x00000000      0x752
 *(.vectors)
 .vectors       0x00000000       0x54 c:/program files (x86)/atmel/atmel toolchain/avr8 gcc/native/3.4.2.1002/avr8-gnu-toolchain/bin/../lib/gcc/avr/4.7.2/../../../../avr/lib/avr5/crtm32.o
                0x00000000                __vector_default
                0x00000000                __vectors
 *(.vectors)
 *(.progmem.gcc*)
 *(.progmem*)
                0x00000054                . = ALIGN (0x2)
                0x00000054                __trampolines_start = .
 *(.trampolines)
 .trampolines   0x00000054        0x0 linker stubs
 *(.trampolines*)
                0x00000054                __trampolines_end = .
 *(.jumptables)
 *(.jumptables*)
 *(.lowtext)
 *(.lowtext*)
                0x00000054                __ctors_start = .
 *(.ctors)
                0x00000054                __ctors_end = .
                0x00000054                __dtors_start = .
 *(.dtors)
                0x00000054                __dtors_end = .
 SORT(*)(.ctors)
 SORT(*)(.dtors)
 *(.init0)
 .init0         0x00000054        0x0 c:/program files (x86)/atmel/atmel toolchain/avr8 gcc/native/3.4.2.1002/avr8-gnu-toolchain/bin/../lib/gcc/avr/4.7.2/../../../../avr/lib/avr5/crtm32.o
                0x00000054                __init
 *(.init0)
 *(.init1)
 *(.init1)
 *(.init2)
 .init2         0x00000054        0xc c:/program files (x86)/atmel/atmel toolchain/avr8 gcc/native/3.4.2.1002/avr8-gnu-toolchain/bin/../lib/gcc/avr/4.7.2/../../../../avr/lib/avr5/crtm32.o
 *(.init2)
 *(.init3)
 *(.init3)
 *(.init4)
 .init4         0x00000060       0x16 c:/program files (x86)/atmel/atmel toolchain/avr8 gcc/native/3.4.2.1002/avr8-gnu-toolchain/bin/../lib/gcc/avr/4.7.2/avr5\libgcc.a(_copy_data.o)
                0x00000060                __do_copy_data
 .init4         0x00000076       0x10 c:/program files (x86)/atmel/atmel toolchain/avr8 gcc/native/3.4.2.1002/avr8-gnu-toolchain/bin/../lib/gcc/avr/4.7.2/avr5\libgcc.a(_clear_bss.o)
                0x00000076                __do_clear_bss
 *(.init4)
 *(.init5)
 *(.init5)
 *(.init6)
 *(.init6)
 *(.init7)
 *(.init7)
 *(.init8)
 *(.init8)
 *(.init9)
 .init9         0x00000086        0x8 c:/program files (x86)/atmel/atmel toolchain/avr8 gcc/native/3.4.2.1002/avr8-gnu-toolchain/bin/../lib/gcc/avr/4.7.2/../../../../avr/lib/avr5/crtm32.o
 *(.init9)
 *(.text)
 .text          0x0000008e        0x4 c:/program files (x86)/atmel/atmel toolchain/avr8 gcc/native/3.4.2.1002/avr8-gnu-toolchain/bin/../lib/gcc/avr/4.7.2/../../../../avr/lib/avr5/crtm32.o
                0x0000008e                __vector_12
                0x0000008e                __bad_interrupt
                0x0000008e                __vector_6
                0x0000008e                __vector_13
                0x0000008e                __vector_17
                0x0000008e                __vector_19
                0x0000008e                __vector_7
                0x0000008e                __vector_5
                0x0000008e                __vector_4
                0x0000008e                __vector_9
                0x0000008e                __vector_15
                0x0000008e                __vector_8
                0x0000008e                __vector_14
                0x0000008e                __vector_10
                0x0000008e                __vector_18
                0x0000008e                __vector_20
                0x00000092                . = ALIGN (0x2)
 *(.text.*)
 .text.main     0x00000092        0xa Coffee_Machain_project.o
                0x00000092                main
 .text.__vector_1
                0x0000009c       0x4e external_interupt.o
                0x0000009c                __vector_1
 .text.__vector_2
                0x000000ea       0x4e external_interupt.o
                0x000000ea                __vector_2
 .text.__vector_3
                0x00000138       0x4e external_interupt.o
                0x00000138                __vector_3
 .text.GPIO_PortDirection
                0x00000186      0x10c GPIO.o
                0x00000186                GPIO_PortDirection
 .text.GPIO_Pin_Set
                0x00000292       0x7c GPIO.o
                0x00000292                GPIO_Pin_Set
 .text.GPIO_Pin_Clear
                0x0000030e       0x84 GPIO.o
                0x0000030e                GPIO_Pin_Clear
 .text.GPIO_GET_PIN
                0x00000392       0x10 GPIO.o
                0x00000392                GPIO_GET_PIN
 .text.__vector_16
                0x000003a2       0x58 hal_adc.o
                0x000003a2                __vector_16
 .text.__vector_11
                0x000003fa       0x4e hal_timer.o
                0x000003fa                __vector_11
 .text.KeyPad_4x3_adjustKeyNumber
                0x00000448       0x1c Keypad.o
                0x00000448                KeyPad_4x3_adjustKeyNumber
 .text.KeyPad_getPressedKey
                0x00000464       0x64 Keypad.o
                0x00000464                KeyPad_getPressedKey
 .text.Lcd_Send_Command
                0x000004c8       0x82 lcd.o
                0x000004c8                Lcd_Send_Command
 .text.Lcd_Init
                0x0000054a       0x26 lcd.o
                0x0000054a                Lcd_Init
 .text.Lcd_Display_Character
                0x00000570       0x82 lcd.o
                0x00000570                Lcd_Display_Character
 .text.Lcd_Display_String
                0x000005f2       0x24 lcd.o
                0x000005f2                Lcd_Display_String
 .text.LCD_goToRowColumn
                0x00000616       0x3a lcd.o
                0x00000616                LCD_goToRowColumn
 .text.LCD_Display_RowColumn
                0x00000650       0x18 lcd.o
                0x00000650                LCD_Display_RowColumn
 .text.Lcd_Clean
                0x00000668        0xa lcd.o
                0x00000668                Lcd_Clean
 .text.Init_all_drivers
                0x00000672       0x64 machine.o
                0x00000672                Init_all_drivers
 .text.Start_machine_working
                0x000006d6       0x78 machine.o
                0x000006d6                Start_machine_working
                0x0000074e                . = ALIGN (0x2)
 *(.fini9)
 .fini9         0x0000074e        0x0 c:/program files (x86)/atmel/atmel toolchain/avr8 gcc/native/3.4.2.1002/avr8-gnu-toolchain/bin/../lib/gcc/avr/4.7.2/avr5\libgcc.a(_exit.o)
                0x0000074e                _exit
                0x0000074e                exit
 *(.fini9)
 *(.fini8)
 *(.fini8)
 *(.fini7)
 *(.fini7)
 *(.fini6)
 *(.fini6)
 *(.fini5)
 *(.fini5)
 *(.fini4)
 *(.fini4)
 *(.fini3)
 *(.fini3)
 *(.fini2)
 *(.fini2)
 *(.fini1)
 *(.fini1)
 *(.fini0)
 .fini0         0x0000074e        0x4 c:/program files (x86)/atmel/atmel toolchain/avr8 gcc/native/3.4.2.1002/avr8-gnu-toolchain/bin/../lib/gcc/avr/4.7.2/avr5\libgcc.a(_exit.o)
 *(.fini0)
                0x00000752                _etext = .

.data           0x00800060       0x4e load address 0x00000752
                0x00800060                PROVIDE (__data_start, .)
 *(.data)
 .data          0x00800060        0x0 c:/program files (x86)/atmel/atmel toolchain/avr8 gcc/native/3.4.2.1002/avr8-gnu-toolchain/bin/../lib/gcc/avr/4.7.2/../../../../avr/lib/avr5/crtm32.o
 .data          0x00800060        0x0 Coffee_Machain_project.o
 .data          0x00800060        0x0 external_interupt.o
 .data          0x00800060        0x0 GPIO.o
 .data          0x00800060        0x0 hal_adc.o
 .data          0x00800060        0x0 hal_timer.o
 .data          0x00800060        0x0 Keypad.o
 .data          0x00800060        0x0 lcd.o
 .data          0x00800060        0x0 machine.o
 .data          0x00800060        0x0 TMU.o
 .data          0x00800060        0x0 c:/program files (x86)/atmel/atmel toolchain/avr8 gcc/native/3.4.2.1002/avr8-gnu-toolchain/bin/../lib/gcc/avr/4.7.2/avr5\libgcc.a(_exit.o)
 .data          0x00800060        0x0 c:/program files (x86)/atmel/atmel toolchain/avr8 gcc/native/3.4.2.1002/avr8-gnu-toolchain/bin/../lib/gcc/avr/4.7.2/avr5\libgcc.a(_copy_data.o)
 .data          0x00800060        0x0 c:/program files (x86)/atmel/atmel toolchain/avr8 gcc/native/3.4.2.1002/avr8-gnu-toolchain/bin/../lib/gcc/avr/4.7.2/avr5\libgcc.a(_clear_bss.o)
 *(.data*)
 *(.rodata)
 *(.rodata*)
 .rodata.str1.1
                0x00800060       0x4d machine.o
                                 0x5b (size before relaxing)
 *(.gnu.linkonce.d*)
                0x008000ae                . = ALIGN (0x2)
 *fill*         0x008000ad        0x1 
                0x008000ae                _edata = .
                0x008000ae                PROVIDE (__data_end, .)

.bss            0x008000ae        0xc
                0x008000ae                PROVIDE (__bss_start, .)
 *(.bss)
 *(.bss*)
 .bss.cb_int0   0x008000ae        0x2 external_interupt.o
 .bss.cb_int1   0x008000b0        0x2 external_interupt.o
 .bss.cb_int2   0x008000b2        0x2 external_interupt.o
 .bss.cb_adc    0x008000b4        0x2 hal_adc.o
 .bss.cb_fun_ovf_t
                0x008000b6        0x2 hal_timer.o
 .bss.Address.1530
                0x008000b8        0x1 lcd.o
 .bss.g_u8PressedKey
                0x008000b9        0x1 machine.o
 *(COMMON)
                0x008000ba                PROVIDE (__bss_end, .)
                0x00000752                __data_load_start = LOADADDR (.data)
                0x000007a0                __data_load_end = (__data_load_start + SIZEOF (.data))

.noinit         0x008000ba        0x0
                0x008000ba                PROVIDE (__noinit_start, .)
 *(.noinit*)
                0x008000ba                PROVIDE (__noinit_end, .)
                0x008000ba                _end = .
                0x008000ba                PROVIDE (__heap_start, .)

.eeprom         0x00810000        0x0
 *(.eeprom*)
                0x00810000                __eeprom_end = .

.fuse
 *(.fuse)
 *(.lfuse)
 *(.hfuse)
 *(.efuse)

.lock
 *(.lock*)

.signature
 *(.signature*)

.user_signatures
 *(.user_signatures*)

.stab           0x00000000      0x6cc
 *(.stab)
 .stab          0x00000000      0x6cc c:/program files (x86)/atmel/atmel toolchain/avr8 gcc/native/3.4.2.1002/avr8-gnu-toolchain/bin/../lib/gcc/avr/4.7.2/../../../../avr/lib/avr5/crtm32.o

.stabstr        0x00000000       0x97
 *(.stabstr)
 .stabstr       0x00000000       0x97 c:/program files (x86)/atmel/atmel toolchain/avr8 gcc/native/3.4.2.1002/avr8-gnu-toolchain/bin/../lib/gcc/avr/4.7.2/../../../../avr/lib/avr5/crtm32.o

.stab.excl
 *(.stab.excl)

.stab.exclstr
 *(.stab.exclstr)

.stab.index
 *(.stab.index)

.stab.indexstr
 *(.stab.indexstr)

.comment        0x00000000       0x2f
 *(.comment)
 .comment       0x00000000       0x2f Coffee_Machain_project.o
                                 0x30 (size before relaxing)
 .comment       0x00000000       0x30 external_interupt.o
 .comment       0x00000000       0x30 GPIO.o
 .comment       0x00000000       0x30 hal_adc.o
 .comment       0x00000000       0x30 hal_timer.o
 .comment       0x00000000       0x30 Keypad.o
 .comment       0x00000000       0x30 lcd.o
 .comment       0x00000000       0x30 machine.o
 .comment       0x00000000       0x30 TMU.o

.debug
 *(.debug)

.line
 *(.line)

.debug_srcinfo
 *(.debug_srcinfo)

.debug_sfnames
 *(.debug_sfnames)

.debug_aranges  0x00000000      0x218
 *(.debug_aranges)
 .debug_aranges
                0x00000000       0x20 Coffee_Machain_project.o
 .debug_aranges
                0x00000020       0x38 external_interupt.o
 .debug_aranges
                0x00000058       0x40 GPIO.o
 .debug_aranges
                0x00000098       0x30 hal_adc.o
 .debug_aranges
                0x000000c8       0x60 hal_timer.o
 .debug_aranges
                0x00000128       0x28 Keypad.o
 .debug_aranges
                0x00000150       0x58 lcd.o
 .debug_aranges
                0x000001a8       0x30 machine.o
 .debug_aranges
                0x000001d8       0x40 TMU.o

.debug_pubnames
 *(.debug_pubnames)

.debug_info     0x00000000     0x1b48
 *(.debug_info)
 .debug_info    0x00000000       0xf5 Coffee_Machain_project.o
 .debug_info    0x000000f5      0x20c external_interupt.o
 .debug_info    0x00000301      0x236 GPIO.o
 .debug_info    0x00000537      0x225 hal_adc.o
 .debug_info    0x0000075c      0x3ee hal_timer.o
 .debug_info    0x00000b4a       0xfd Keypad.o
 .debug_info    0x00000c47      0x77a lcd.o
 .debug_info    0x000013c1      0x444 machine.o
 .debug_info    0x00001805      0x343 TMU.o
 *(.gnu.linkonce.wi.*)

.debug_abbrev   0x00000000      0x99a
 *(.debug_abbrev)
 .debug_abbrev  0x00000000       0x9f Coffee_Machain_project.o
 .debug_abbrev  0x0000009f      0x101 external_interupt.o
 .debug_abbrev  0x000001a0       0xb6 GPIO.o
 .debug_abbrev  0x00000256       0xfd hal_adc.o
 .debug_abbrev  0x00000353      0x149 hal_timer.o
 .debug_abbrev  0x0000049c       0x98 Keypad.o
 .debug_abbrev  0x00000534      0x1c2 lcd.o
 .debug_abbrev  0x000006f6      0x120 machine.o
 .debug_abbrev  0x00000816      0x184 TMU.o

.debug_line     0x00000000      0xac7
 *(.debug_line)
 .debug_line    0x00000000       0x68 Coffee_Machain_project.o
 .debug_line    0x00000068       0xf2 external_interupt.o
 .debug_line    0x0000015a       0xdd GPIO.o
 .debug_line    0x00000237      0x141 hal_adc.o
 .debug_line    0x00000378      0x136 hal_timer.o
 .debug_line    0x000004ae      0x106 Keypad.o
 .debug_line    0x000005b4      0x2c5 lcd.o
 .debug_line    0x00000879      0x144 machine.o
 .debug_line    0x000009bd      0x10a TMU.o

.debug_frame    0x00000000      0x4f0
 *(.debug_frame)
 .debug_frame   0x00000000       0x24 Coffee_Machain_project.o
 .debug_frame   0x00000024      0x12c external_interupt.o
 .debug_frame   0x00000150       0x64 GPIO.o
 .debug_frame   0x000001b4       0x8c hal_adc.o
 .debug_frame   0x00000240       0xf8 hal_timer.o
 .debug_frame   0x00000338       0x34 Keypad.o
 .debug_frame   0x0000036c       0xac lcd.o
 .debug_frame   0x00000418       0x44 machine.o
 .debug_frame   0x0000045c       0x94 TMU.o

.debug_str      0x00000000      0x840
 *(.debug_str)
 .debug_str     0x00000000      0x138 Coffee_Machain_project.o
                                0x173 (size before relaxing)
 .debug_str     0x00000138      0x12a external_interupt.o
                                0x264 (size before relaxing)
 .debug_str     0x00000262       0x95 GPIO.o
                                0x194 (size before relaxing)
 .debug_str     0x000002f7      0x129 hal_adc.o
                                0x27a (size before relaxing)
 .debug_str     0x00000420      0x1c6 hal_timer.o
                                0x31c (size before relaxing)
 .debug_str     0x000005e6       0x4c Keypad.o
                                0x162 (size before relaxing)
 .debug_str     0x00000632       0xf1 lcd.o
                                0x229 (size before relaxing)
 .debug_str     0x00000723       0x33 machine.o
                                0x238 (size before relaxing)
 .debug_str     0x00000756       0xea TMU.o
                                0x213 (size before relaxing)

.debug_loc      0x00000000     0x12ff
 *(.debug_loc)
 .debug_loc     0x00000000      0x2c8 external_interupt.o
 .debug_loc     0x000002c8      0x520 GPIO.o
 .debug_loc     0x000007e8      0x1a2 hal_adc.o
 .debug_loc     0x0000098a      0x43d hal_timer.o
 .debug_loc     0x00000dc7       0x92 Keypad.o
 .debug_loc     0x00000e59      0x1c0 lcd.o
 .debug_loc     0x00001019      0x2e6 TMU.o

.debug_macinfo
 *(.debug_macinfo)

.debug_pubtypes
 *(.debug_pubtypes)

.debug_ranges   0x00000000      0x1a0
 *(.debug_ranges)
 .debug_ranges  0x00000000       0x10 Coffee_Machain_project.o
 .debug_ranges  0x00000010       0x28 external_interupt.o
 .debug_ranges  0x00000038       0x30 GPIO.o
 .debug_ranges  0x00000068       0x20 hal_adc.o
 .debug_ranges  0x00000088       0x50 hal_timer.o
 .debug_ranges  0x000000d8       0x18 Keypad.o
 .debug_ranges  0x000000f0       0x48 lcd.o
 .debug_ranges  0x00000138       0x20 machine.o
 .debug_ranges  0x00000158       0x48 TMU.o

.debug_macro
 *(.debug_macro)
OUTPUT(Coffee_Machain_project.elf elf32-avr)
LOAD linker stubs
