Archive member included because of file (symbol)

c:/program files (x86)/atmel/atmel toolchain/avr8 gcc/native/3.4.2.1002/avr8-gnu-toolchain/bin/../lib/gcc/avr/4.7.2/avr5\libgcc.a(_exit.o)
                              c:/program files (x86)/atmel/atmel toolchain/avr8 gcc/native/3.4.2.1002/avr8-gnu-toolchain/bin/../lib/gcc/avr/4.7.2/../../../../avr/lib/avr5/crtm32.o (exit)
c:/program files (x86)/atmel/atmel toolchain/avr8 gcc/native/3.4.2.1002/avr8-gnu-toolchain/bin/../lib/gcc/avr/4.7.2/avr5\libgcc.a(_copy_data.o)
                              MHAL_IRprogram.o (__do_copy_data)
c:/program files (x86)/atmel/atmel toolchain/avr8 gcc/native/3.4.2.1002/avr8-gnu-toolchain/bin/../lib/gcc/avr/4.7.2/avr5\libgcc.a(_clear_bss.o)
                              EXTI_program.o (__do_clear_bss)

Discarded input sections

 .bss           0x00000000        0x0 c:/program files (x86)/atmel/atmel toolchain/avr8 gcc/native/3.4.2.1002/avr8-gnu-toolchain/bin/../lib/gcc/avr/4.7.2/../../../../avr/lib/avr5/crtm32.o
 .text          0x00000000        0x0 EXTI_program.o
 .bss           0x00000000        0x0 EXTI_program.o
 .text.Hal_Ext_Interrupt_Cb_INT1
                0x00000000        0xa EXTI_program.o
 .text.Hal_Ext_Interrupt_Cb_INT2
                0x00000000        0xa EXTI_program.o
 .text          0x00000000        0x0 IR_NECdriver.o
 .bss           0x00000000        0x0 IR_NECdriver.o
 .text          0x00000000        0x0 MGPIO_program.o
 .bss           0x00000000        0x0 MGPIO_program.o
 .text.MGPIO_SetPin
                0x00000000       0x84 MGPIO_program.o
 .text.MGPIO_ClearPin
                0x00000000       0x8c MGPIO_program.o
 .text.MGPIO_TogalPin
                0x00000000       0x7a MGPIO_program.o
 .text          0x00000000        0x0 MHAL_IRprogram.o
 .bss           0x00000000        0x0 MHAL_IRprogram.o
 .text          0x00000000        0x0 TIMER_program.o
 .bss           0x00000000        0x0 TIMER_program.o
 .text.hal_read_timer
                0x00000000       0x4a TIMER_program.o
 .text.hal_is_timer_finish
                0x00000000       0x7e TIMER_program.o
 .text.hal_update_cmp_timer
                0x00000000       0x40 TIMER_program.o
 .text.hal_deinit_timer
                0x00000000       0x42 TIMER_program.o
 .text.hal_Init_Timer1_Cb_OV
                0x00000000        0xa TIMER_program.o
 .text.hal_Init_Timer2_Cb_OV
                0x00000000        0xa TIMER_program.o
 .text.hal_Init_Timer0_Cb_CM
                0x00000000        0xa TIMER_program.o
 .text.hal_Init_Timer1_Cb_CM
                0x00000000        0xa TIMER_program.o
 .text.hal_Init_Timer2_Cb_CM
                0x00000000        0xa TIMER_program.o
 .bss.cb_fun_t1_ovf_normal
                0x00000000        0x2 TIMER_program.o
 .bss.cb_comp_t1_ctc
                0x00000000        0x2 TIMER_program.o
 .text          0x00000000        0x0 c:/program files (x86)/atmel/atmel toolchain/avr8 gcc/native/3.4.2.1002/avr8-gnu-toolchain/bin/../lib/gcc/avr/4.7.2/avr5\libgcc.a(_exit.o)
 .bss           0x00000000        0x0 c:/program files (x86)/atmel/atmel toolchain/avr8 gcc/native/3.4.2.1002/avr8-gnu-toolchain/bin/../lib/gcc/avr/4.7.2/avr5\libgcc.a(_exit.o)
 .text.libgcc.mul
                0x00000000        0x0 c:/program files (x86)/atmel/atmel toolchain/avr8 gcc/native/3.4.2.1002/avr8-gnu-toolchain/bin/../lib/gcc/avr/4.7.2/avr5\libgcc.a(_exit.o)
 .text.libgcc.div
                0x00000000        0x0 c:/program files (x86)/atmel/atmel toolchain/avr8 gcc/native/3.4.2.1002/avr8-gnu-toolchain/bin/../lib/gcc/avr/4.7.2/avr5\libgcc.a(_exit.o)
 .text.libgcc   0x00000000        0x0 c:/program files (x86)/atmel/atmel toolchain/avr8 gcc/native/3.4.2.1002/avr8-gnu-toolchain/bin/../lib/gcc/avr/4.7.2/avr5\libgcc.a(_exit.o)
 .text.libgcc.prologue
                0x00000000        0x0 c:/program files (x86)/atmel/atmel toolchain/avr8 gcc/native/3.4.2.1002/avr8-gnu-toolchain/bin/../lib/gcc/avr/4.7.2/avr5\libgcc.a(_exit.o)
 .text.libgcc.builtins
                0x00000000        0x0 c:/program files (x86)/atmel/atmel toolchain/avr8 gcc/native/3.4.2.1002/avr8-gnu-toolchain/bin/../lib/gcc/avr/4.7.2/avr5\libgcc.a(_exit.o)
 .text.libgcc.fmul
                0x00000000        0x0 c:/program files (x86)/atmel/atmel toolchain/avr8 gcc/native/3.4.2.1002/avr8-gnu-toolchain/bin/../lib/gcc/avr/4.7.2/avr5\libgcc.a(_exit.o)
 .text          0x00000000        0x0 c:/program files (x86)/atmel/atmel toolchain/avr8 gcc/native/3.4.2.1002/avr8-gnu-toolchain/bin/../lib/gcc/avr/4.7.2/avr5\libgcc.a(_copy_data.o)
 .bss           0x00000000        0x0 c:/program files (x86)/atmel/atmel toolchain/avr8 gcc/native/3.4.2.1002/avr8-gnu-toolchain/bin/../lib/gcc/avr/4.7.2/avr5\libgcc.a(_copy_data.o)
 .text.libgcc.mul
                0x00000000        0x0 c:/program files (x86)/atmel/atmel toolchain/avr8 gcc/native/3.4.2.1002/avr8-gnu-toolchain/bin/../lib/gcc/avr/4.7.2/avr5\libgcc.a(_copy_data.o)
 .text.libgcc.div
                0x00000000        0x0 c:/program files (x86)/atmel/atmel toolchain/avr8 gcc/native/3.4.2.1002/avr8-gnu-toolchain/bin/../lib/gcc/avr/4.7.2/avr5\libgcc.a(_copy_data.o)
 .text.libgcc   0x00000000        0x0 c:/program files (x86)/atmel/atmel toolchain/avr8 gcc/native/3.4.2.1002/avr8-gnu-toolchain/bin/../lib/gcc/avr/4.7.2/avr5\libgcc.a(_copy_data.o)
 .text.libgcc.prologue
                0x00000000        0x0 c:/program files (x86)/atmel/atmel toolchain/avr8 gcc/native/3.4.2.1002/avr8-gnu-toolchain/bin/../lib/gcc/avr/4.7.2/avr5\libgcc.a(_copy_data.o)
 .text.libgcc.builtins
                0x00000000        0x0 c:/program files (x86)/atmel/atmel toolchain/avr8 gcc/native/3.4.2.1002/avr8-gnu-toolchain/bin/../lib/gcc/avr/4.7.2/avr5\libgcc.a(_copy_data.o)
 .text.libgcc.fmul
                0x00000000        0x0 c:/program files (x86)/atmel/atmel toolchain/avr8 gcc/native/3.4.2.1002/avr8-gnu-toolchain/bin/../lib/gcc/avr/4.7.2/avr5\libgcc.a(_copy_data.o)
 .text          0x00000000        0x0 c:/program files (x86)/atmel/atmel toolchain/avr8 gcc/native/3.4.2.1002/avr8-gnu-toolchain/bin/../lib/gcc/avr/4.7.2/avr5\libgcc.a(_clear_bss.o)
 .bss           0x00000000        0x0 c:/program files (x86)/atmel/atmel toolchain/avr8 gcc/native/3.4.2.1002/avr8-gnu-toolchain/bin/../lib/gcc/avr/4.7.2/avr5\libgcc.a(_clear_bss.o)
 .text.libgcc.mul
                0x00000000        0x0 c:/program files (x86)/atmel/atmel toolchain/avr8 gcc/native/3.4.2.1002/avr8-gnu-toolchain/bin/../lib/gcc/avr/4.7.2/avr5\libgcc.a(_clear_bss.o)
 .text.libgcc.div
                0x00000000        0x0 c:/program files (x86)/atmel/atmel toolchain/avr8 gcc/native/3.4.2.1002/avr8-gnu-toolchain/bin/../lib/gcc/avr/4.7.2/avr5\libgcc.a(_clear_bss.o)
 .text.libgcc   0x00000000        0x0 c:/program files (x86)/atmel/atmel toolchain/avr8 gcc/native/3.4.2.1002/avr8-gnu-toolchain/bin/../lib/gcc/avr/4.7.2/avr5\libgcc.a(_clear_bss.o)
 .text.libgcc.prologue
                0x00000000        0x0 c:/program files (x86)/atmel/atmel toolchain/avr8 gcc/native/3.4.2.1002/avr8-gnu-toolchain/bin/../lib/gcc/avr/4.7.2/avr5\libgcc.a(_clear_bss.o)
 .text.libgcc.builtins
                0x00000000        0x0 c:/program files (x86)/atmel/atmel toolchain/avr8 gcc/native/3.4.2.1002/avr8-gnu-toolchain/bin/../lib/gcc/avr/4.7.2/avr5\libgcc.a(_clear_bss.o)
 .text.libgcc.fmul
                0x00000000        0x0 c:/program files (x86)/atmel/atmel toolchain/avr8 gcc/native/3.4.2.1002/avr8-gnu-toolchain/bin/../lib/gcc/avr/4.7.2/avr5\libgcc.a(_clear_bss.o)

Memory Configuration

Name             Origin             Length             Attributes
text             0x00000000         0x00020000         xr
data             0x00800060         0x0000ffa0         rw !x
eeprom           0x00810000         0x00010000         rw !x
fuse             0x00820000         0x00000400         rw !x
lock             0x00830000         0x00000400         rw !x
signature        0x00840000         0x00000400         rw !x
user_signatures  0x00850000         0x00000400         rw !x
*default*        0x00000000         0xffffffff

Linker script and memory map

LOAD c:/program files (x86)/atmel/atmel toolchain/avr8 gcc/native/3.4.2.1002/avr8-gnu-toolchain/bin/../lib/gcc/avr/4.7.2/../../../../avr/lib/avr5/crtm32.o
LOAD EXTI_program.o
LOAD IR_NECdriver.o
LOAD MGPIO_program.o
LOAD MHAL_IRprogram.o
LOAD TIMER_program.o
START GROUP
LOAD c:/program files (x86)/atmel/atmel toolchain/avr8 gcc/native/3.4.2.1002/avr8-gnu-toolchain/bin/../lib/gcc/avr/4.7.2/../../../../avr/lib/avr5\libm.a
END GROUP
LOAD c:/program files (x86)/atmel/atmel toolchain/avr8 gcc/native/3.4.2.1002/avr8-gnu-toolchain/bin/../lib/gcc/avr/4.7.2/avr5\libgcc.a
LOAD c:/program files (x86)/atmel/atmel toolchain/avr8 gcc/native/3.4.2.1002/avr8-gnu-toolchain/bin/../lib/gcc/avr/4.7.2/../../../../avr/lib/avr5\libc.a
LOAD c:/program files (x86)/atmel/atmel toolchain/avr8 gcc/native/3.4.2.1002/avr8-gnu-toolchain/bin/../lib/gcc/avr/4.7.2/avr5\libgcc.a

.hash
 *(.hash)

.dynsym
 *(.dynsym)

.dynstr
 *(.dynstr)

.gnu.version
 *(.gnu.version)

.gnu.version_d
 *(.gnu.version_d)

.gnu.version_r
 *(.gnu.version_r)

.rel.init
 *(.rel.init)

.rela.init
 *(.rela.init)

.rel.text
 *(.rel.text)
 *(.rel.text.*)
 *(.rel.gnu.linkonce.t*)

.rela.text
 *(.rela.text)
 *(.rela.text.*)
 *(.rela.gnu.linkonce.t*)

.rel.fini
 *(.rel.fini)

.rela.fini
 *(.rela.fini)

.rel.rodata
 *(.rel.rodata)
 *(.rel.rodata.*)
 *(.rel.gnu.linkonce.r*)

.rela.rodata
 *(.rela.rodata)
 *(.rela.rodata.*)
 *(.rela.gnu.linkonce.r*)

.rel.data
 *(.rel.data)
 *(.rel.data.*)
 *(.rel.gnu.linkonce.d*)

.rela.data
 *(.rela.data)
 *(.rela.data.*)
 *(.rela.gnu.linkonce.d*)

.rel.ctors
 *(.rel.ctors)

.rela.ctors
 *(.rela.ctors)

.rel.dtors
 *(.rel.dtors)

.rela.dtors
 *(.rela.dtors)

.rel.got
 *(.rel.got)

.rela.got
 *(.rela.got)

.rel.bss
 *(.rel.bss)

.rela.bss
 *(.rela.bss)

.rel.plt
 *(.rel.plt)

.rela.plt
 *(.rela.plt)

.text           0x00000000      0x76e
 *(.vectors)
 .vectors       0x00000000       0x54 c:/program files (x86)/atmel/atmel toolchain/avr8 gcc/native/3.4.2.1002/avr8-gnu-toolchain/bin/../lib/gcc/avr/4.7.2/../../../../avr/lib/avr5/crtm32.o
                0x00000000                __vector_default
                0x00000000                __vectors
 *(.vectors)
 *(.progmem.gcc*)
 *(.progmem*)
                0x00000054                . = ALIGN (0x2)
                0x00000054                __trampolines_start = .
 *(.trampolines)
 .trampolines   0x00000054        0x0 linker stubs
 *(.trampolines*)
                0x00000054                __trampolines_end = .
 *(.jumptables)
 *(.jumptables*)
 *(.lowtext)
 *(.lowtext*)
                0x00000054                __ctors_start = .
 *(.ctors)
                0x00000054                __ctors_end = .
                0x00000054                __dtors_start = .
 *(.dtors)
                0x00000054                __dtors_end = .
 SORT(*)(.ctors)
 SORT(*)(.dtors)
 *(.init0)
 .init0         0x00000054        0x0 c:/program files (x86)/atmel/atmel toolchain/avr8 gcc/native/3.4.2.1002/avr8-gnu-toolchain/bin/../lib/gcc/avr/4.7.2/../../../../avr/lib/avr5/crtm32.o
                0x00000054                __init
 *(.init0)
 *(.init1)
 *(.init1)
 *(.init2)
 .init2         0x00000054        0xc c:/program files (x86)/atmel/atmel toolchain/avr8 gcc/native/3.4.2.1002/avr8-gnu-toolchain/bin/../lib/gcc/avr/4.7.2/../../../../avr/lib/avr5/crtm32.o
 *(.init2)
 *(.init3)
 *(.init3)
 *(.init4)
 .init4         0x00000060       0x16 c:/program files (x86)/atmel/atmel toolchain/avr8 gcc/native/3.4.2.1002/avr8-gnu-toolchain/bin/../lib/gcc/avr/4.7.2/avr5\libgcc.a(_copy_data.o)
                0x00000060                __do_copy_data
 .init4         0x00000076       0x10 c:/program files (x86)/atmel/atmel toolchain/avr8 gcc/native/3.4.2.1002/avr8-gnu-toolchain/bin/../lib/gcc/avr/4.7.2/avr5\libgcc.a(_clear_bss.o)
                0x00000076                __do_clear_bss
 *(.init4)
 *(.init5)
 *(.init5)
 *(.init6)
 *(.init6)
 *(.init7)
 *(.init7)
 *(.init8)
 *(.init8)
 *(.init9)
 .init9         0x00000086        0x8 c:/program files (x86)/atmel/atmel toolchain/avr8 gcc/native/3.4.2.1002/avr8-gnu-toolchain/bin/../lib/gcc/avr/4.7.2/../../../../avr/lib/avr5/crtm32.o
 *(.init9)
 *(.text)
 .text          0x0000008e        0x4 c:/program files (x86)/atmel/atmel toolchain/avr8 gcc/native/3.4.2.1002/avr8-gnu-toolchain/bin/../lib/gcc/avr/4.7.2/../../../../avr/lib/avr5/crtm32.o
                0x0000008e                __vector_12
                0x0000008e                __bad_interrupt
                0x0000008e                __vector_6
                0x0000008e                __vector_13
                0x0000008e                __vector_17
                0x0000008e                __vector_19
                0x0000008e                __vector_7
                0x0000008e                __vector_9
                0x0000008e                __vector_15
                0x0000008e                __vector_8
                0x0000008e                __vector_14
                0x0000008e                __vector_16
                0x0000008e                __vector_18
                0x0000008e                __vector_20
                0x00000092                . = ALIGN (0x2)
 *(.text.*)
 .text.__vector_1
                0x00000092       0x4e EXTI_program.o
                0x00000092                __vector_1
 .text.__vector_2
                0x000000e0       0x4e EXTI_program.o
                0x000000e0                __vector_2
 .text.__vector_3
                0x0000012e       0x4e EXTI_program.o
                0x0000012e                __vector_3
 .text.Hal_Ext_Interrupt_Init
                0x0000017c       0xb8 EXTI_program.o
                0x0000017c                Hal_Ext_Interrupt_Init
 .text.Hal_Ext_Interrupt_Cb_INT0
                0x00000234        0xa EXTI_program.o
                0x00000234                Hal_Ext_Interrupt_Cb_INT0
 .text.main     0x0000023e        0xa IR_NECdriver.o
                0x0000023e                main
 .text.MGPIO_SetPortDirection
                0x00000248      0x118 MGPIO_program.o
                0x00000248                MGPIO_SetPortDirection
 .text.static_TackAction
                0x00000360       0x8a MHAL_IRprogram.o
 .text.HAL_boolIRSensorGetFrame
                0x000003ea       0x66 MHAL_IRprogram.o
                0x000003ea                HAL_boolIRSensorGetFrame
 .text.HAL_boolIRSensorInit
                0x00000450       0x2a MHAL_IRprogram.o
                0x00000450                HAL_boolIRSensorInit
 .text.__vector_11
                0x0000047a       0x4e TIMER_program.o
                0x0000047a                __vector_11
 .text.__vector_10
                0x000004c8       0x4e TIMER_program.o
                0x000004c8                __vector_10
 .text.__vector_5
                0x00000516       0x4e TIMER_program.o
                0x00000516                __vector_5
 .text.__vector_4
                0x00000564       0x4e TIMER_program.o
                0x00000564                __vector_4
 .text.hal_init_timer
                0x000005b2       0xfc TIMER_program.o
                0x000005b2                hal_init_timer
 .text.hal_start_timer
                0x000006ae       0x46 TIMER_program.o
                0x000006ae                hal_start_timer
 .text.hal_ReadTimerCurrentValue
                0x000006f4       0x34 TIMER_program.o
                0x000006f4                hal_ReadTimerCurrentValue
 .text.hal_update_init_timer_value
                0x00000728       0x38 TIMER_program.o
                0x00000728                hal_update_init_timer_value
 .text.hal_Init_Timer0_Cb_OV
                0x00000760        0xa TIMER_program.o
                0x00000760                hal_Init_Timer0_Cb_OV
                0x0000076a                . = ALIGN (0x2)
 *(.fini9)
 .fini9         0x0000076a        0x0 c:/program files (x86)/atmel/atmel toolchain/avr8 gcc/native/3.4.2.1002/avr8-gnu-toolchain/bin/../lib/gcc/avr/4.7.2/avr5\libgcc.a(_exit.o)
                0x0000076a                _exit
                0x0000076a                exit
 *(.fini9)
 *(.fini8)
 *(.fini8)
 *(.fini7)
 *(.fini7)
 *(.fini6)
 *(.fini6)
 *(.fini5)
 *(.fini5)
 *(.fini4)
 *(.fini4)
 *(.fini3)
 *(.fini3)
 *(.fini2)
 *(.fini2)
 *(.fini1)
 *(.fini1)
 *(.fini0)
 .fini0         0x0000076a        0x4 c:/program files (x86)/atmel/atmel toolchain/avr8 gcc/native/3.4.2.1002/avr8-gnu-toolchain/bin/../lib/gcc/avr/4.7.2/avr5\libgcc.a(_exit.o)
 *(.fini0)
                0x0000076e                _etext = .

.data           0x00800060        0x6 load address 0x0000076e
                0x00800060                PROVIDE (__data_start, .)
 *(.data)
 .data          0x00800060        0x0 c:/program files (x86)/atmel/atmel toolchain/avr8 gcc/native/3.4.2.1002/avr8-gnu-toolchain/bin/../lib/gcc/avr/4.7.2/../../../../avr/lib/avr5/crtm32.o
 .data          0x00800060        0x0 EXTI_program.o
 .data          0x00800060        0x0 IR_NECdriver.o
 .data          0x00800060        0x0 MGPIO_program.o
 .data          0x00800060        0x0 MHAL_IRprogram.o
 .data          0x00800060        0x0 TIMER_program.o
 .data          0x00800060        0x0 c:/program files (x86)/atmel/atmel toolchain/avr8 gcc/native/3.4.2.1002/avr8-gnu-toolchain/bin/../lib/gcc/avr/4.7.2/avr5\libgcc.a(_exit.o)
 .data          0x00800060        0x0 c:/program files (x86)/atmel/atmel toolchain/avr8 gcc/native/3.4.2.1002/avr8-gnu-toolchain/bin/../lib/gcc/avr/4.7.2/avr5\libgcc.a(_copy_data.o)
 .data          0x00800060        0x0 c:/program files (x86)/atmel/atmel toolchain/avr8 gcc/native/3.4.2.1002/avr8-gnu-toolchain/bin/../lib/gcc/avr/4.7.2/avr5\libgcc.a(_clear_bss.o)
 *(.data*)
 .data.obg_timer
                0x00800060        0x3 MHAL_IRprogram.o
                0x00800060                obg_timer
 .data.obg_interrupt
                0x00800063        0x2 MHAL_IRprogram.o
                0x00800063                obg_interrupt
 *(.rodata)
 *(.rodata*)
 *(.gnu.linkonce.d*)
                0x00800066                . = ALIGN (0x2)
 *fill*         0x00800065        0x1 
                0x00800066                _edata = .
                0x00800066                PROVIDE (__data_end, .)

.bss            0x00800066       0xd9
                0x00800066                PROVIDE (__bss_start, .)
 *(.bss)
 *(.bss*)
 .bss.cb_int0   0x00800066        0x2 EXTI_program.o
 .bss.cb_int1   0x00800068        0x2 EXTI_program.o
 .bss.cb_int2   0x0080006a        0x2 EXTI_program.o
 .bss.StartFlag
                0x0080006c        0x1 MHAL_IRprogram.o
                0x0080006c                StartFlag
 .bss.bitsCounter
                0x0080006d        0x1 MHAL_IRprogram.o
                0x0080006d                bitsCounter
 .bss.arr_u32IncomingFrame
                0x0080006e       0xc8 MHAL_IRprogram.o
                0x0080006e                arr_u32IncomingFrame
 .bss.cb_fun_t0_ovf_normal
                0x00800136        0x2 TIMER_program.o
 .bss.cb_comp_t0_ctc
                0x00800138        0x2 TIMER_program.o
 .bss.cb_fun_t2_ovf_normal
                0x0080013a        0x2 TIMER_program.o
 .bss.cb_comp_t2_ctc
                0x0080013c        0x2 TIMER_program.o
 .bss.timer_init_flag
                0x0080013e        0x1 TIMER_program.o
 *(COMMON)
                0x0080013f                PROVIDE (__bss_end, .)
                0x0000076e                __data_load_start = LOADADDR (.data)
                0x00000774                __data_load_end = (__data_load_start + SIZEOF (.data))

.noinit         0x0080013f        0x0
                0x0080013f                PROVIDE (__noinit_start, .)
 *(.noinit*)
                0x0080013f                PROVIDE (__noinit_end, .)
                0x0080013f                _end = .
                0x0080013f                PROVIDE (__heap_start, .)

.eeprom         0x00810000        0x0
 *(.eeprom*)
                0x00810000                __eeprom_end = .

.fuse
 *(.fuse)
 *(.lfuse)
 *(.hfuse)
 *(.efuse)

.lock
 *(.lock*)

.signature
 *(.signature*)

.user_signatures
 *(.user_signatures*)

.stab           0x00000000      0x6cc
 *(.stab)
 .stab          0x00000000      0x6cc c:/program files (x86)/atmel/atmel toolchain/avr8 gcc/native/3.4.2.1002/avr8-gnu-toolchain/bin/../lib/gcc/avr/4.7.2/../../../../avr/lib/avr5/crtm32.o

.stabstr        0x00000000       0x97
 *(.stabstr)
 .stabstr       0x00000000       0x97 c:/program files (x86)/atmel/atmel toolchain/avr8 gcc/native/3.4.2.1002/avr8-gnu-toolchain/bin/../lib/gcc/avr/4.7.2/../../../../avr/lib/avr5/crtm32.o

.stab.excl
 *(.stab.excl)

.stab.exclstr
 *(.stab.exclstr)

.stab.index
 *(.stab.index)

.stab.indexstr
 *(.stab.indexstr)

.comment        0x00000000       0x2f
 *(.comment)
 .comment       0x00000000       0x2f EXTI_program.o
                                 0x30 (size before relaxing)
 .comment       0x00000000       0x30 IR_NECdriver.o
 .comment       0x00000000       0x30 MGPIO_program.o
 .comment       0x00000000       0x30 MHAL_IRprogram.o
 .comment       0x00000000       0x30 TIMER_program.o

.debug
 *(.debug)

.line
 *(.line)

.debug_srcinfo
 *(.debug_srcinfo)

.debug_sfnames
 *(.debug_sfnames)

.debug_aranges  0x00000000      0x180
 *(.debug_aranges)
 .debug_aranges
                0x00000000       0x50 EXTI_program.o
 .debug_aranges
                0x00000050       0x20 IR_NECdriver.o
 .debug_aranges
                0x00000070       0x38 MGPIO_program.o
 .debug_aranges
                0x000000a8       0x30 MHAL_IRprogram.o
 .debug_aranges
                0x000000d8       0xa8 TIMER_program.o

.debug_pubnames
 *(.debug_pubnames)

.debug_info     0x00000000      0xfdb
 *(.debug_info)
 .debug_info    0x00000000      0x279 EXTI_program.o
 .debug_info    0x00000279       0xdb IR_NECdriver.o
 .debug_info    0x00000354      0x1c1 MGPIO_program.o
 .debug_info    0x00000515      0x4ed MHAL_IRprogram.o
 .debug_info    0x00000a02      0x5d9 TIMER_program.o
 *(.gnu.linkonce.wi.*)

.debug_abbrev   0x00000000      0x526
 *(.debug_abbrev)
 .debug_abbrev  0x00000000       0xdc EXTI_program.o
 .debug_abbrev  0x000000dc       0xa7 IR_NECdriver.o
 .debug_abbrev  0x00000183       0xb4 MGPIO_program.o
 .debug_abbrev  0x00000237      0x174 MHAL_IRprogram.o
 .debug_abbrev  0x000003ab      0x17b TIMER_program.o

.debug_line     0x00000000      0x71b
 *(.debug_line)
 .debug_line    0x00000000      0x198 EXTI_program.o
 .debug_line    0x00000198       0x66 IR_NECdriver.o
 .debug_line    0x000001fe      0x189 MGPIO_program.o
 .debug_line    0x00000387       0xe8 MHAL_IRprogram.o
 .debug_line    0x0000046f      0x2ac TIMER_program.o

.debug_frame    0x00000000      0x478
 *(.debug_frame)
 .debug_frame   0x00000000      0x15c EXTI_program.o
 .debug_frame   0x0000015c       0x24 IR_NECdriver.o
 .debug_frame   0x00000180       0x54 MGPIO_program.o
 .debug_frame   0x000001d4       0x50 MHAL_IRprogram.o
 .debug_frame   0x00000224      0x254 TIMER_program.o

.debug_str      0x00000000      0x713
 *(.debug_str)
 .debug_str     0x00000000      0x259 EXTI_program.o
                                0x299 (size before relaxing)
 .debug_str     0x00000259       0x2e IR_NECdriver.o
                                0x109 (size before relaxing)
 .debug_str     0x00000287       0x77 MGPIO_program.o
                                0x15a (size before relaxing)
 .debug_str     0x000002fe      0x233 MHAL_IRprogram.o
                                0x416 (size before relaxing)
 .debug_str     0x00000531      0x1e2 TIMER_program.o
                                0x47e (size before relaxing)

.debug_loc      0x00000000     0x145f
 *(.debug_loc)
 .debug_loc     0x00000000      0x33d EXTI_program.o
 .debug_loc     0x0000033d      0x5e5 MGPIO_program.o
 .debug_loc     0x00000922       0x91 MHAL_IRprogram.o
 .debug_loc     0x000009b3      0xaac TIMER_program.o

.debug_macinfo
 *(.debug_macinfo)

.debug_pubtypes
 *(.debug_pubtypes)

.debug_ranges   0x00000000      0x130
 *(.debug_ranges)
 .debug_ranges  0x00000000       0x40 EXTI_program.o
 .debug_ranges  0x00000040       0x10 IR_NECdriver.o
 .debug_ranges  0x00000050       0x28 MGPIO_program.o
 .debug_ranges  0x00000078       0x20 MHAL_IRprogram.o
 .debug_ranges  0x00000098       0x98 TIMER_program.o

.debug_macro
 *(.debug_macro)
OUTPUT(IR_NECdriver.elf elf32-avr)
LOAD linker stubs
