Archive member included because of file (symbol)

c:/program files (x86)/atmel/atmel toolchain/avr8 gcc/native/3.4.2.1002/avr8-gnu-toolchain/bin/../lib/gcc/avr/4.7.2/avr5\libgcc.a(_exit.o)
                              c:/program files (x86)/atmel/atmel toolchain/avr8 gcc/native/3.4.2.1002/avr8-gnu-toolchain/bin/../lib/gcc/avr/4.7.2/../../../../avr/lib/avr5/crtm32.o (exit)
c:/program files (x86)/atmel/atmel toolchain/avr8 gcc/native/3.4.2.1002/avr8-gnu-toolchain/bin/../lib/gcc/avr/4.7.2/avr5\libgcc.a(_copy_data.o)
                              MiceoWave.o (__do_copy_data)
c:/program files (x86)/atmel/atmel toolchain/avr8 gcc/native/3.4.2.1002/avr8-gnu-toolchain/bin/../lib/gcc/avr/4.7.2/avr5\libgcc.a(_clear_bss.o)
                              external_interupt.o (__do_clear_bss)

Allocating common symbols
Common symbol       size              file

obg1                0x5               MiceoWave.o

Discarded input sections

 .bss           0x00000000        0x0 c:/program files (x86)/atmel/atmel toolchain/avr8 gcc/native/3.4.2.1002/avr8-gnu-toolchain/bin/../lib/gcc/avr/4.7.2/../../../../avr/lib/avr5/crtm32.o
 .text          0x00000000        0x0 external_interupt.o
 .bss           0x00000000        0x0 external_interupt.o
 .text.hal_ex_interrupt_Initi
                0x00000000       0xf0 external_interupt.o
 .text          0x00000000        0x0 GPIO.o
 .bss           0x00000000        0x0 GPIO.o
 .text.GPIO_PortInit
                0x00000000      0x10c GPIO.o
 .text.GPIO_Pin_Set
                0x00000000       0x7c GPIO.o
 .text.GPIO_Pin_Clear
                0x00000000       0x84 GPIO.o
 .text.GPIO_Pin_Togal
                0x00000000       0x7c GPIO.o
 .text          0x00000000        0x0 hal_timer.o
 .bss           0x00000000        0x0 hal_timer.o
 .text.hal_start_timer
                0x00000000       0x32 hal_timer.o
 .text.hal_read_timer
                0x00000000       0x1a hal_timer.o
 .text.hal_is_timer_finish
                0x00000000       0x10 hal_timer.o
 .text.hal_update_timer
                0x00000000        0xc hal_timer.o
 .text.hal_update_cmp_timer
                0x00000000        0xe hal_timer.o
 .text          0x00000000        0x0 Keypad.o
 .bss           0x00000000        0x0 Keypad.o
 .text          0x00000000        0x0 lcd.o
 .bss           0x00000000        0x0 lcd.o
 .text.Lcd_Off  0x00000000        0xa lcd.o
 .text          0x00000000        0x0 MiceoWave.o
 .bss           0x00000000        0x0 MiceoWave.o
 .text.MW__ON_Spot_Stop
                0x00000000       0x16 MiceoWave.o
 .data.extenal_int_obg
                0x00000000        0x4 MiceoWave.o
 .text          0x00000000        0x0 microWave_project.o
 .bss           0x00000000        0x0 microWave_project.o
 .text          0x00000000        0x0 TMU.o
 .bss           0x00000000        0x0 TMU.o
 .text          0x00000000        0x0 c:/program files (x86)/atmel/atmel toolchain/avr8 gcc/native/3.4.2.1002/avr8-gnu-toolchain/bin/../lib/gcc/avr/4.7.2/avr5\libgcc.a(_exit.o)
 .bss           0x00000000        0x0 c:/program files (x86)/atmel/atmel toolchain/avr8 gcc/native/3.4.2.1002/avr8-gnu-toolchain/bin/../lib/gcc/avr/4.7.2/avr5\libgcc.a(_exit.o)
 .text.libgcc.mul
                0x00000000        0x0 c:/program files (x86)/atmel/atmel toolchain/avr8 gcc/native/3.4.2.1002/avr8-gnu-toolchain/bin/../lib/gcc/avr/4.7.2/avr5\libgcc.a(_exit.o)
 .text.libgcc.div
                0x00000000        0x0 c:/program files (x86)/atmel/atmel toolchain/avr8 gcc/native/3.4.2.1002/avr8-gnu-toolchain/bin/../lib/gcc/avr/4.7.2/avr5\libgcc.a(_exit.o)
 .text.libgcc   0x00000000        0x0 c:/program files (x86)/atmel/atmel toolchain/avr8 gcc/native/3.4.2.1002/avr8-gnu-toolchain/bin/../lib/gcc/avr/4.7.2/avr5\libgcc.a(_exit.o)
 .text.libgcc.prologue
                0x00000000        0x0 c:/program files (x86)/atmel/atmel toolchain/avr8 gcc/native/3.4.2.1002/avr8-gnu-toolchain/bin/../lib/gcc/avr/4.7.2/avr5\libgcc.a(_exit.o)
 .text.libgcc.builtins
                0x00000000        0x0 c:/program files (x86)/atmel/atmel toolchain/avr8 gcc/native/3.4.2.1002/avr8-gnu-toolchain/bin/../lib/gcc/avr/4.7.2/avr5\libgcc.a(_exit.o)
 .text.libgcc.fmul
                0x00000000        0x0 c:/program files (x86)/atmel/atmel toolchain/avr8 gcc/native/3.4.2.1002/avr8-gnu-toolchain/bin/../lib/gcc/avr/4.7.2/avr5\libgcc.a(_exit.o)
 .text          0x00000000        0x0 c:/program files (x86)/atmel/atmel toolchain/avr8 gcc/native/3.4.2.1002/avr8-gnu-toolchain/bin/../lib/gcc/avr/4.7.2/avr5\libgcc.a(_copy_data.o)
 .bss           0x00000000        0x0 c:/program files (x86)/atmel/atmel toolchain/avr8 gcc/native/3.4.2.1002/avr8-gnu-toolchain/bin/../lib/gcc/avr/4.7.2/avr5\libgcc.a(_copy_data.o)
 .text.libgcc.mul
                0x00000000        0x0 c:/program files (x86)/atmel/atmel toolchain/avr8 gcc/native/3.4.2.1002/avr8-gnu-toolchain/bin/../lib/gcc/avr/4.7.2/avr5\libgcc.a(_copy_data.o)
 .text.libgcc.div
                0x00000000        0x0 c:/program files (x86)/atmel/atmel toolchain/avr8 gcc/native/3.4.2.1002/avr8-gnu-toolchain/bin/../lib/gcc/avr/4.7.2/avr5\libgcc.a(_copy_data.o)
 .text.libgcc   0x00000000        0x0 c:/program files (x86)/atmel/atmel toolchain/avr8 gcc/native/3.4.2.1002/avr8-gnu-toolchain/bin/../lib/gcc/avr/4.7.2/avr5\libgcc.a(_copy_data.o)
 .text.libgcc.prologue
                0x00000000        0x0 c:/program files (x86)/atmel/atmel toolchain/avr8 gcc/native/3.4.2.1002/avr8-gnu-toolchain/bin/../lib/gcc/avr/4.7.2/avr5\libgcc.a(_copy_data.o)
 .text.libgcc.builtins
                0x00000000        0x0 c:/program files (x86)/atmel/atmel toolchain/avr8 gcc/native/3.4.2.1002/avr8-gnu-toolchain/bin/../lib/gcc/avr/4.7.2/avr5\libgcc.a(_copy_data.o)
 .text.libgcc.fmul
                0x00000000        0x0 c:/program files (x86)/atmel/atmel toolchain/avr8 gcc/native/3.4.2.1002/avr8-gnu-toolchain/bin/../lib/gcc/avr/4.7.2/avr5\libgcc.a(_copy_data.o)
 .text          0x00000000        0x0 c:/program files (x86)/atmel/atmel toolchain/avr8 gcc/native/3.4.2.1002/avr8-gnu-toolchain/bin/../lib/gcc/avr/4.7.2/avr5\libgcc.a(_clear_bss.o)
 .bss           0x00000000        0x0 c:/program files (x86)/atmel/atmel toolchain/avr8 gcc/native/3.4.2.1002/avr8-gnu-toolchain/bin/../lib/gcc/avr/4.7.2/avr5\libgcc.a(_clear_bss.o)
 .text.libgcc.mul
                0x00000000        0x0 c:/program files (x86)/atmel/atmel toolchain/avr8 gcc/native/3.4.2.1002/avr8-gnu-toolchain/bin/../lib/gcc/avr/4.7.2/avr5\libgcc.a(_clear_bss.o)
 .text.libgcc.div
                0x00000000        0x0 c:/program files (x86)/atmel/atmel toolchain/avr8 gcc/native/3.4.2.1002/avr8-gnu-toolchain/bin/../lib/gcc/avr/4.7.2/avr5\libgcc.a(_clear_bss.o)
 .text.libgcc   0x00000000        0x0 c:/program files (x86)/atmel/atmel toolchain/avr8 gcc/native/3.4.2.1002/avr8-gnu-toolchain/bin/../lib/gcc/avr/4.7.2/avr5\libgcc.a(_clear_bss.o)
 .text.libgcc.prologue
                0x00000000        0x0 c:/program files (x86)/atmel/atmel toolchain/avr8 gcc/native/3.4.2.1002/avr8-gnu-toolchain/bin/../lib/gcc/avr/4.7.2/avr5\libgcc.a(_clear_bss.o)
 .text.libgcc.builtins
                0x00000000        0x0 c:/program files (x86)/atmel/atmel toolchain/avr8 gcc/native/3.4.2.1002/avr8-gnu-toolchain/bin/../lib/gcc/avr/4.7.2/avr5\libgcc.a(_clear_bss.o)
 .text.libgcc.fmul
                0x00000000        0x0 c:/program files (x86)/atmel/atmel toolchain/avr8 gcc/native/3.4.2.1002/avr8-gnu-toolchain/bin/../lib/gcc/avr/4.7.2/avr5\libgcc.a(_clear_bss.o)

Memory Configuration

Name             Origin             Length             Attributes
text             0x00000000         0x00020000         xr
data             0x00800060         0x0000ffa0         rw !x
eeprom           0x00810000         0x00010000         rw !x
fuse             0x00820000         0x00000400         rw !x
lock             0x00830000         0x00000400         rw !x
signature        0x00840000         0x00000400         rw !x
user_signatures  0x00850000         0x00000400         rw !x
*default*        0x00000000         0xffffffff

Linker script and memory map

LOAD c:/program files (x86)/atmel/atmel toolchain/avr8 gcc/native/3.4.2.1002/avr8-gnu-toolchain/bin/../lib/gcc/avr/4.7.2/../../../../avr/lib/avr5/crtm32.o
LOAD external_interupt.o
LOAD GPIO.o
LOAD hal_timer.o
LOAD Keypad.o
LOAD lcd.o
LOAD MiceoWave.o
LOAD microWave_project.o
LOAD TMU.o
START GROUP
LOAD c:/program files (x86)/atmel/atmel toolchain/avr8 gcc/native/3.4.2.1002/avr8-gnu-toolchain/bin/../lib/gcc/avr/4.7.2/../../../../avr/lib/avr5\libm.a
END GROUP
LOAD c:/program files (x86)/atmel/atmel toolchain/avr8 gcc/native/3.4.2.1002/avr8-gnu-toolchain/bin/../lib/gcc/avr/4.7.2/avr5\libgcc.a
LOAD c:/program files (x86)/atmel/atmel toolchain/avr8 gcc/native/3.4.2.1002/avr8-gnu-toolchain/bin/../lib/gcc/avr/4.7.2/../../../../avr/lib/avr5\libc.a
LOAD c:/program files (x86)/atmel/atmel toolchain/avr8 gcc/native/3.4.2.1002/avr8-gnu-toolchain/bin/../lib/gcc/avr/4.7.2/avr5\libgcc.a

.hash
 *(.hash)

.dynsym
 *(.dynsym)

.dynstr
 *(.dynstr)

.gnu.version
 *(.gnu.version)

.gnu.version_d
 *(.gnu.version_d)

.gnu.version_r
 *(.gnu.version_r)

.rel.init
 *(.rel.init)

.rela.init
 *(.rela.init)

.rel.text
 *(.rel.text)
 *(.rel.text.*)
 *(.rel.gnu.linkonce.t*)

.rela.text
 *(.rela.text)
 *(.rela.text.*)
 *(.rela.gnu.linkonce.t*)

.rel.fini
 *(.rel.fini)

.rela.fini
 *(.rela.fini)

.rel.rodata
 *(.rel.rodata)
 *(.rel.rodata.*)
 *(.rel.gnu.linkonce.r*)

.rela.rodata
 *(.rela.rodata)
 *(.rela.rodata.*)
 *(.rela.gnu.linkonce.r*)

.rel.data
 *(.rel.data)
 *(.rel.data.*)
 *(.rel.gnu.linkonce.d*)

.rela.data
 *(.rela.data)
 *(.rela.data.*)
 *(.rela.gnu.linkonce.d*)

.rel.ctors
 *(.rel.ctors)

.rela.ctors
 *(.rela.ctors)

.rel.dtors
 *(.rel.dtors)

.rela.dtors
 *(.rela.dtors)

.rel.got
 *(.rel.got)

.rela.got
 *(.rela.got)

.rel.bss
 *(.rel.bss)

.rela.bss
 *(.rela.bss)

.rel.plt
 *(.rel.plt)

.rela.plt
 *(.rela.plt)

.text           0x00000000      0xa84
 *(.vectors)
 .vectors       0x00000000       0x54 c:/program files (x86)/atmel/atmel toolchain/avr8 gcc/native/3.4.2.1002/avr8-gnu-toolchain/bin/../lib/gcc/avr/4.7.2/../../../../avr/lib/avr5/crtm32.o
                0x00000000                __vector_default
                0x00000000                __vectors
 *(.vectors)
 *(.progmem.gcc*)
 *(.progmem*)
                0x00000054                . = ALIGN (0x2)
                0x00000054                __trampolines_start = .
 *(.trampolines)
 .trampolines   0x00000054        0x0 linker stubs
 *(.trampolines*)
                0x00000054                __trampolines_end = .
 *(.jumptables)
 *(.jumptables*)
 *(.lowtext)
 *(.lowtext*)
                0x00000054                __ctors_start = .
 *(.ctors)
                0x00000054                __ctors_end = .
                0x00000054                __dtors_start = .
 *(.dtors)
                0x00000054                __dtors_end = .
 SORT(*)(.ctors)
 SORT(*)(.dtors)
 *(.init0)
 .init0         0x00000054        0x0 c:/program files (x86)/atmel/atmel toolchain/avr8 gcc/native/3.4.2.1002/avr8-gnu-toolchain/bin/../lib/gcc/avr/4.7.2/../../../../avr/lib/avr5/crtm32.o
                0x00000054                __init
 *(.init0)
 *(.init1)
 *(.init1)
 *(.init2)
 .init2         0x00000054        0xc c:/program files (x86)/atmel/atmel toolchain/avr8 gcc/native/3.4.2.1002/avr8-gnu-toolchain/bin/../lib/gcc/avr/4.7.2/../../../../avr/lib/avr5/crtm32.o
 *(.init2)
 *(.init3)
 *(.init3)
 *(.init4)
 .init4         0x00000060       0x16 c:/program files (x86)/atmel/atmel toolchain/avr8 gcc/native/3.4.2.1002/avr8-gnu-toolchain/bin/../lib/gcc/avr/4.7.2/avr5\libgcc.a(_copy_data.o)
                0x00000060                __do_copy_data
 .init4         0x00000076       0x10 c:/program files (x86)/atmel/atmel toolchain/avr8 gcc/native/3.4.2.1002/avr8-gnu-toolchain/bin/../lib/gcc/avr/4.7.2/avr5\libgcc.a(_clear_bss.o)
                0x00000076                __do_clear_bss
 *(.init4)
 *(.init5)
 *(.init5)
 *(.init6)
 *(.init6)
 *(.init7)
 *(.init7)
 *(.init8)
 *(.init8)
 *(.init9)
 .init9         0x00000086        0x8 c:/program files (x86)/atmel/atmel toolchain/avr8 gcc/native/3.4.2.1002/avr8-gnu-toolchain/bin/../lib/gcc/avr/4.7.2/../../../../avr/lib/avr5/crtm32.o
 *(.init9)
 *(.text)
 .text          0x0000008e        0x4 c:/program files (x86)/atmel/atmel toolchain/avr8 gcc/native/3.4.2.1002/avr8-gnu-toolchain/bin/../lib/gcc/avr/4.7.2/../../../../avr/lib/avr5/crtm32.o
                0x0000008e                __vector_12
                0x0000008e                __bad_interrupt
                0x0000008e                __vector_6
                0x0000008e                __vector_13
                0x0000008e                __vector_17
                0x0000008e                __vector_19
                0x0000008e                __vector_7
                0x0000008e                __vector_5
                0x0000008e                __vector_4
                0x0000008e                __vector_9
                0x0000008e                __vector_15
                0x0000008e                __vector_8
                0x0000008e                __vector_14
                0x0000008e                __vector_10
                0x0000008e                __vector_16
                0x0000008e                __vector_18
                0x0000008e                __vector_20
                0x00000092                . = ALIGN (0x2)
 *(.text.*)
 .text.__vector_1
                0x00000092       0x4e external_interupt.o
                0x00000092                __vector_1
 .text.__vector_2
                0x000000e0       0x4e external_interupt.o
                0x000000e0                __vector_2
 .text.__vector_3
                0x0000012e       0x4e external_interupt.o
                0x0000012e                __vector_3
 .text.GPIO_PortDirection
                0x0000017c      0x10c GPIO.o
                0x0000017c                GPIO_PortDirection
 .text.interupt_config
                0x00000288        0xe hal_timer.o
 .text.__vector_11
                0x00000296       0x4e hal_timer.o
                0x00000296                __vector_11
 .text.hal_init_timer
                0x000002e4       0xb2 hal_timer.o
                0x000002e4                hal_init_timer
 .text.hal_deinit_timer
                0x00000396       0x14 hal_timer.o
                0x00000396                hal_deinit_timer
 .text.KeyPad_4x3_adjustKeyNumber
                0x000003aa       0x1c Keypad.o
                0x000003aa                KeyPad_4x3_adjustKeyNumber
 .text.KeyPad_getPressedKey
                0x000003c6       0x64 Keypad.o
                0x000003c6                KeyPad_getPressedKey
 .text.Lcd_Send_Command
                0x0000042a       0x82 lcd.o
                0x0000042a                Lcd_Send_Command
 .text.Lcd_Init
                0x000004ac       0x26 lcd.o
                0x000004ac                Lcd_Init
 .text.Lcd_Display_Character
                0x000004d2       0x82 lcd.o
                0x000004d2                Lcd_Display_Character
 .text.Lcd_Display_String
                0x00000554       0x24 lcd.o
                0x00000554                Lcd_Display_String
 .text.LCD_goToRowColumn
                0x00000578       0x3a lcd.o
                0x00000578                LCD_goToRowColumn
 .text.LCD_Display_RowColumn
                0x000005b2       0x18 lcd.o
                0x000005b2                LCD_Display_RowColumn
 .text.Lcd_Clean
                0x000005ca        0xa lcd.o
                0x000005ca                Lcd_Clean
 .text.MW_Init_All
                0x000005d4       0x86 MiceoWave.o
                0x000005d4                MW_Init_All
 .text.MW_Start
                0x0000065a      0x1f2 MiceoWave.o
                0x0000065a                MW_Start
 .text.MW_Stop  0x0000084c       0x2c MiceoWave.o
                0x0000084c                MW_Stop
 .text.microwave_time_fun
                0x00000878       0x16 MiceoWave.o
 .text.main     0x0000088e        0xe microWave_project.o
                0x0000088e                main
 .text.counter_time
                0x0000089c       0x20 TMU.o
                0x0000089c                counter_time
 .text.tmu_init
                0x000008bc       0x28 TMU.o
                0x000008bc                tmu_init
 .text.start_timer
                0x000008e4       0xbe TMU.o
                0x000008e4                start_timer
 .text.stop_timer
                0x000009a2       0x62 TMU.o
                0x000009a2                stop_timer
 .text.tum_dispatch
                0x00000a04       0x7c TMU.o
                0x00000a04                tum_dispatch
                0x00000a80                . = ALIGN (0x2)
 *(.fini9)
 .fini9         0x00000a80        0x0 c:/program files (x86)/atmel/atmel toolchain/avr8 gcc/native/3.4.2.1002/avr8-gnu-toolchain/bin/../lib/gcc/avr/4.7.2/avr5\libgcc.a(_exit.o)
                0x00000a80                _exit
                0x00000a80                exit
 *(.fini9)
 *(.fini8)
 *(.fini8)
 *(.fini7)
 *(.fini7)
 *(.fini6)
 *(.fini6)
 *(.fini5)
 *(.fini5)
 *(.fini4)
 *(.fini4)
 *(.fini3)
 *(.fini3)
 *(.fini2)
 *(.fini2)
 *(.fini1)
 *(.fini1)
 *(.fini0)
 .fini0         0x00000a80        0x4 c:/program files (x86)/atmel/atmel toolchain/avr8 gcc/native/3.4.2.1002/avr8-gnu-toolchain/bin/../lib/gcc/avr/4.7.2/avr5\libgcc.a(_exit.o)
 *(.fini0)
                0x00000a84                _etext = .

.data           0x00800060       0x96 load address 0x00000a84
                0x00800060                PROVIDE (__data_start, .)
 *(.data)
 .data          0x00800060        0x0 c:/program files (x86)/atmel/atmel toolchain/avr8 gcc/native/3.4.2.1002/avr8-gnu-toolchain/bin/../lib/gcc/avr/4.7.2/../../../../avr/lib/avr5/crtm32.o
 .data          0x00800060        0x0 external_interupt.o
 .data          0x00800060        0x0 GPIO.o
 .data          0x00800060        0x0 hal_timer.o
 .data          0x00800060        0x0 Keypad.o
 .data          0x00800060        0x0 lcd.o
 .data          0x00800060        0x0 MiceoWave.o
 .data          0x00800060        0x0 microWave_project.o
 .data          0x00800060        0x0 TMU.o
 .data          0x00800060        0x0 c:/program files (x86)/atmel/atmel toolchain/avr8 gcc/native/3.4.2.1002/avr8-gnu-toolchain/bin/../lib/gcc/avr/4.7.2/avr5\libgcc.a(_exit.o)
 .data          0x00800060        0x0 c:/program files (x86)/atmel/atmel toolchain/avr8 gcc/native/3.4.2.1002/avr8-gnu-toolchain/bin/../lib/gcc/avr/4.7.2/avr5\libgcc.a(_copy_data.o)
 .data          0x00800060        0x0 c:/program files (x86)/atmel/atmel toolchain/avr8 gcc/native/3.4.2.1002/avr8-gnu-toolchain/bin/../lib/gcc/avr/4.7.2/avr5\libgcc.a(_clear_bss.o)
 *(.data*)
 .data.hal_timer_obj
                0x00800060        0x3 MiceoWave.o
                0x00800060                hal_timer_obj
 *(.rodata)
 *(.rodata*)
 .rodata.str1.1
                0x00800063       0x92 MiceoWave.o
 *(.gnu.linkonce.d*)
                0x008000f6                . = ALIGN (0x2)
 *fill*         0x008000f5        0x1 
                0x008000f6                _edata = .
                0x008000f6                PROVIDE (__data_end, .)

.bss            0x008000f6       0x1d
                0x008000f6                PROVIDE (__bss_start, .)
 *(.bss)
 *(.bss*)
 .bss.cb_int0   0x008000f6        0x2 external_interupt.o
 .bss.cb_int1   0x008000f8        0x2 external_interupt.o
 .bss.cb_int2   0x008000fa        0x2 external_interupt.o
 .bss.cb_fun_ovf_t
                0x008000fc        0x2 hal_timer.o
 .bss.Address.1526
                0x008000fe        0x1 lcd.o
 .bss.key       0x008000ff        0x1 MiceoWave.o
 .bss.num2      0x00800100        0x1 MiceoWave.o
 .bss.num1      0x00800101        0x1 MiceoWave.o
 .bss.num_of_sec
                0x00800102        0x1 MiceoWave.o
 .bss.ga_str_t  0x00800103        0x8 TMU.o
 .bss.used_timers
                0x0080010b        0x1 TMU.o
 .bss.init_flag
                0x0080010c        0x1 TMU.o
 .bss.resolution
                0x0080010d        0x1 TMU.o
 *(COMMON)
 COMMON         0x0080010e        0x5 MiceoWave.o
                0x0080010e                obg1
                0x00800113                PROVIDE (__bss_end, .)
                0x00000a84                __data_load_start = LOADADDR (.data)
                0x00000b1a                __data_load_end = (__data_load_start + SIZEOF (.data))

.noinit         0x00800113        0x0
                0x00800113                PROVIDE (__noinit_start, .)
 *(.noinit*)
                0x00800113                PROVIDE (__noinit_end, .)
                0x00800113                _end = .
                0x00800113                PROVIDE (__heap_start, .)

.eeprom         0x00810000        0x0
 *(.eeprom*)
                0x00810000                __eeprom_end = .

.fuse
 *(.fuse)
 *(.lfuse)
 *(.hfuse)
 *(.efuse)

.lock
 *(.lock*)

.signature
 *(.signature*)

.user_signatures
 *(.user_signatures*)

.stab           0x00000000      0x6cc
 *(.stab)
 .stab          0x00000000      0x6cc c:/program files (x86)/atmel/atmel toolchain/avr8 gcc/native/3.4.2.1002/avr8-gnu-toolchain/bin/../lib/gcc/avr/4.7.2/../../../../avr/lib/avr5/crtm32.o

.stabstr        0x00000000       0x97
 *(.stabstr)
 .stabstr       0x00000000       0x97 c:/program files (x86)/atmel/atmel toolchain/avr8 gcc/native/3.4.2.1002/avr8-gnu-toolchain/bin/../lib/gcc/avr/4.7.2/../../../../avr/lib/avr5/crtm32.o

.stab.excl
 *(.stab.excl)

.stab.exclstr
 *(.stab.exclstr)

.stab.index
 *(.stab.index)

.stab.indexstr
 *(.stab.indexstr)

.comment        0x00000000       0x2f
 *(.comment)
 .comment       0x00000000       0x2f external_interupt.o
                                 0x30 (size before relaxing)
 .comment       0x00000000       0x30 GPIO.o
 .comment       0x00000000       0x30 hal_timer.o
 .comment       0x00000000       0x30 Keypad.o
 .comment       0x00000000       0x30 lcd.o
 .comment       0x00000000       0x30 MiceoWave.o
 .comment       0x00000000       0x30 microWave_project.o
 .comment       0x00000000       0x30 TMU.o

.debug
 *(.debug)

.line
 *(.line)

.debug_srcinfo
 *(.debug_srcinfo)

.debug_sfnames
 *(.debug_sfnames)

.debug_aranges  0x00000000      0x1f8
 *(.debug_aranges)
 .debug_aranges
                0x00000000       0x38 external_interupt.o
 .debug_aranges
                0x00000038       0x40 GPIO.o
 .debug_aranges
                0x00000078       0x60 hal_timer.o
 .debug_aranges
                0x000000d8       0x28 Keypad.o
 .debug_aranges
                0x00000100       0x58 lcd.o
 .debug_aranges
                0x00000158       0x40 MiceoWave.o
 .debug_aranges
                0x00000198       0x20 microWave_project.o
 .debug_aranges
                0x000001b8       0x40 TMU.o

.debug_pubnames
 *(.debug_pubnames)

.debug_info     0x00000000     0x2096
 *(.debug_info)
 .debug_info    0x00000000      0x20c external_interupt.o
 .debug_info    0x0000020c      0x244 GPIO.o
 .debug_info    0x00000450      0x3ee hal_timer.o
 .debug_info    0x0000083e       0xf2 Keypad.o
 .debug_info    0x00000930      0x77a lcd.o
 .debug_info    0x000010aa      0xba2 MiceoWave.o
 .debug_info    0x00001c4c      0x107 microWave_project.o
 .debug_info    0x00001d53      0x343 TMU.o
 *(.gnu.linkonce.wi.*)

.debug_abbrev   0x00000000      0x9b4
 *(.debug_abbrev)
 .debug_abbrev  0x00000000      0x101 external_interupt.o
 .debug_abbrev  0x00000101       0x98 GPIO.o
 .debug_abbrev  0x00000199      0x149 hal_timer.o
 .debug_abbrev  0x000002e2       0x98 Keypad.o
 .debug_abbrev  0x0000037a      0x1c2 lcd.o
 .debug_abbrev  0x0000053c      0x255 MiceoWave.o
 .debug_abbrev  0x00000791       0x9f microWave_project.o
 .debug_abbrev  0x00000830      0x184 TMU.o

.debug_line     0x00000000      0xa7b
 *(.debug_line)
 .debug_line    0x00000000       0xf2 external_interupt.o
 .debug_line    0x000000f2       0xf8 GPIO.o
 .debug_line    0x000001ea      0x136 hal_timer.o
 .debug_line    0x00000320       0x6e Keypad.o
 .debug_line    0x0000038e      0x2c5 lcd.o
 .debug_line    0x00000653      0x2ab MiceoWave.o
 .debug_line    0x000008fe       0x73 microWave_project.o
 .debug_line    0x00000971      0x10a TMU.o

.debug_frame    0x00000000      0x490
 *(.debug_frame)
 .debug_frame   0x00000000      0x12c external_interupt.o
 .debug_frame   0x0000012c       0x64 GPIO.o
 .debug_frame   0x00000190       0xf8 hal_timer.o
 .debug_frame   0x00000288       0x34 Keypad.o
 .debug_frame   0x000002bc       0xac lcd.o
 .debug_frame   0x00000368       0x70 MiceoWave.o
 .debug_frame   0x000003d8       0x24 microWave_project.o
 .debug_frame   0x000003fc       0x94 TMU.o

.debug_str      0x00000000      0x764
 *(.debug_str)
 .debug_str     0x00000000      0x20e external_interupt.o
                                0x25a (size before relaxing)
 .debug_str     0x0000020e       0xa1 GPIO.o
                                0x196 (size before relaxing)
 .debug_str     0x000002af      0x1de hal_timer.o
                                0x312 (size before relaxing)
 .debug_str     0x0000048d       0x4c Keypad.o
                                0x150 (size before relaxing)
 .debug_str     0x000004d9       0xf1 lcd.o
                                0x21f (size before relaxing)
 .debug_str     0x000005ca      0x110 MiceoWave.o
                                0x52d (size before relaxing)
 .debug_str     0x000006da       0x2b microWave_project.o
                                0x15f (size before relaxing)
 .debug_str     0x00000705       0x5f TMU.o
                                0x209 (size before relaxing)

.debug_loc      0x00000000     0x147b
 *(.debug_loc)
 .debug_loc     0x00000000      0x2c8 external_interupt.o
 .debug_loc     0x000002c8      0x704 GPIO.o
 .debug_loc     0x000009cc      0x43d hal_timer.o
 .debug_loc     0x00000e09       0x92 Keypad.o
 .debug_loc     0x00000e9b      0x1c0 lcd.o
 .debug_loc     0x0000105b      0x13a MiceoWave.o
 .debug_loc     0x00001195      0x2e6 TMU.o

.debug_macinfo
 *(.debug_macinfo)

.debug_pubtypes
 *(.debug_pubtypes)

.debug_ranges   0x00000000      0x190
 *(.debug_ranges)
 .debug_ranges  0x00000000       0x28 external_interupt.o
 .debug_ranges  0x00000028       0x30 GPIO.o
 .debug_ranges  0x00000058       0x50 hal_timer.o
 .debug_ranges  0x000000a8       0x18 Keypad.o
 .debug_ranges  0x000000c0       0x48 lcd.o
 .debug_ranges  0x00000108       0x30 MiceoWave.o
 .debug_ranges  0x00000138       0x10 microWave_project.o
 .debug_ranges  0x00000148       0x48 TMU.o

.debug_macro
 *(.debug_macro)
OUTPUT(microWave_project.elf elf32-avr)
LOAD linker stubs
