Archive member included because of file (symbol)

c:/program files (x86)/atmel/atmel toolchain/avr8 gcc/native/3.4.2.1002/avr8-gnu-toolchain/bin/../lib/gcc/avr/4.7.2/avr5\libgcc.a(_exit.o)
                              c:/program files (x86)/atmel/atmel toolchain/avr8 gcc/native/3.4.2.1002/avr8-gnu-toolchain/bin/../lib/gcc/avr/4.7.2/../../../../avr/lib/avr5/crtm32.o (exit)
c:/program files (x86)/atmel/atmel toolchain/avr8 gcc/native/3.4.2.1002/avr8-gnu-toolchain/bin/../lib/gcc/avr/4.7.2/avr5\libgcc.a(_copy_data.o)
                              Safe_progarm.o (__do_copy_data)
c:/program files (x86)/atmel/atmel toolchain/avr8 gcc/native/3.4.2.1002/avr8-gnu-toolchain/bin/../lib/gcc/avr/4.7.2/avr5\libgcc.a(_clear_bss.o)
                              MUART_program.o (__do_clear_bss)

Discarded input sections

 .bss           0x00000000        0x0 c:/program files (x86)/atmel/atmel toolchain/avr8 gcc/native/3.4.2.1002/avr8-gnu-toolchain/bin/../lib/gcc/avr/4.7.2/../../../../avr/lib/avr5/crtm32.o
 .text          0x00000000        0x0 Keypad.o
 .bss           0x00000000        0x0 Keypad.o
 .text          0x00000000        0x0 MGPIO_program.o
 .bss           0x00000000        0x0 MGPIO_program.o
 .text.MGPIO_SetPin
                0x00000000       0x84 MGPIO_program.o
 .text.MGPIO_ClearPin
                0x00000000       0x8c MGPIO_program.o
 .text.MGPIO_TogalPin
                0x00000000       0x7a MGPIO_program.o
 .text          0x00000000        0x0 MUART_program.o
 .bss           0x00000000        0x0 MUART_program.o
 .text.MUART_voidTransmitString
                0x00000000       0x20 MUART_program.o
 .text.MUART_u8Receive
                0x00000000        0x8 MUART_program.o
 .text.MUART_voidDeinitTransmition
                0x00000000       0x1a MUART_program.o
 .text.MUART_voidTxCallbackFunction
                0x00000000        0xa MUART_program.o
 .text.MUART_voidRxCallbackFunction
                0x00000000        0xa MUART_program.o
 .text          0x00000000        0x0 safe_App.o
 .bss           0x00000000        0x0 safe_App.o
 .text          0x00000000        0x0 Safe_progarm.o
 .bss           0x00000000        0x0 Safe_progarm.o
 .data.arr      0x00000000        0x4 Safe_progarm.o
 .text          0x00000000        0x0 c:/program files (x86)/atmel/atmel toolchain/avr8 gcc/native/3.4.2.1002/avr8-gnu-toolchain/bin/../lib/gcc/avr/4.7.2/avr5\libgcc.a(_exit.o)
 .bss           0x00000000        0x0 c:/program files (x86)/atmel/atmel toolchain/avr8 gcc/native/3.4.2.1002/avr8-gnu-toolchain/bin/../lib/gcc/avr/4.7.2/avr5\libgcc.a(_exit.o)
 .text.libgcc.mul
                0x00000000        0x0 c:/program files (x86)/atmel/atmel toolchain/avr8 gcc/native/3.4.2.1002/avr8-gnu-toolchain/bin/../lib/gcc/avr/4.7.2/avr5\libgcc.a(_exit.o)
 .text.libgcc.div
                0x00000000        0x0 c:/program files (x86)/atmel/atmel toolchain/avr8 gcc/native/3.4.2.1002/avr8-gnu-toolchain/bin/../lib/gcc/avr/4.7.2/avr5\libgcc.a(_exit.o)
 .text.libgcc   0x00000000        0x0 c:/program files (x86)/atmel/atmel toolchain/avr8 gcc/native/3.4.2.1002/avr8-gnu-toolchain/bin/../lib/gcc/avr/4.7.2/avr5\libgcc.a(_exit.o)
 .text.libgcc.prologue
                0x00000000        0x0 c:/program files (x86)/atmel/atmel toolchain/avr8 gcc/native/3.4.2.1002/avr8-gnu-toolchain/bin/../lib/gcc/avr/4.7.2/avr5\libgcc.a(_exit.o)
 .text.libgcc.builtins
                0x00000000        0x0 c:/program files (x86)/atmel/atmel toolchain/avr8 gcc/native/3.4.2.1002/avr8-gnu-toolchain/bin/../lib/gcc/avr/4.7.2/avr5\libgcc.a(_exit.o)
 .text.libgcc.fmul
                0x00000000        0x0 c:/program files (x86)/atmel/atmel toolchain/avr8 gcc/native/3.4.2.1002/avr8-gnu-toolchain/bin/../lib/gcc/avr/4.7.2/avr5\libgcc.a(_exit.o)
 .text          0x00000000        0x0 c:/program files (x86)/atmel/atmel toolchain/avr8 gcc/native/3.4.2.1002/avr8-gnu-toolchain/bin/../lib/gcc/avr/4.7.2/avr5\libgcc.a(_copy_data.o)
 .bss           0x00000000        0x0 c:/program files (x86)/atmel/atmel toolchain/avr8 gcc/native/3.4.2.1002/avr8-gnu-toolchain/bin/../lib/gcc/avr/4.7.2/avr5\libgcc.a(_copy_data.o)
 .text.libgcc.mul
                0x00000000        0x0 c:/program files (x86)/atmel/atmel toolchain/avr8 gcc/native/3.4.2.1002/avr8-gnu-toolchain/bin/../lib/gcc/avr/4.7.2/avr5\libgcc.a(_copy_data.o)
 .text.libgcc.div
                0x00000000        0x0 c:/program files (x86)/atmel/atmel toolchain/avr8 gcc/native/3.4.2.1002/avr8-gnu-toolchain/bin/../lib/gcc/avr/4.7.2/avr5\libgcc.a(_copy_data.o)
 .text.libgcc   0x00000000        0x0 c:/program files (x86)/atmel/atmel toolchain/avr8 gcc/native/3.4.2.1002/avr8-gnu-toolchain/bin/../lib/gcc/avr/4.7.2/avr5\libgcc.a(_copy_data.o)
 .text.libgcc.prologue
                0x00000000        0x0 c:/program files (x86)/atmel/atmel toolchain/avr8 gcc/native/3.4.2.1002/avr8-gnu-toolchain/bin/../lib/gcc/avr/4.7.2/avr5\libgcc.a(_copy_data.o)
 .text.libgcc.builtins
                0x00000000        0x0 c:/program files (x86)/atmel/atmel toolchain/avr8 gcc/native/3.4.2.1002/avr8-gnu-toolchain/bin/../lib/gcc/avr/4.7.2/avr5\libgcc.a(_copy_data.o)
 .text.libgcc.fmul
                0x00000000        0x0 c:/program files (x86)/atmel/atmel toolchain/avr8 gcc/native/3.4.2.1002/avr8-gnu-toolchain/bin/../lib/gcc/avr/4.7.2/avr5\libgcc.a(_copy_data.o)
 .text          0x00000000        0x0 c:/program files (x86)/atmel/atmel toolchain/avr8 gcc/native/3.4.2.1002/avr8-gnu-toolchain/bin/../lib/gcc/avr/4.7.2/avr5\libgcc.a(_clear_bss.o)
 .bss           0x00000000        0x0 c:/program files (x86)/atmel/atmel toolchain/avr8 gcc/native/3.4.2.1002/avr8-gnu-toolchain/bin/../lib/gcc/avr/4.7.2/avr5\libgcc.a(_clear_bss.o)
 .text.libgcc.mul
                0x00000000        0x0 c:/program files (x86)/atmel/atmel toolchain/avr8 gcc/native/3.4.2.1002/avr8-gnu-toolchain/bin/../lib/gcc/avr/4.7.2/avr5\libgcc.a(_clear_bss.o)
 .text.libgcc.div
                0x00000000        0x0 c:/program files (x86)/atmel/atmel toolchain/avr8 gcc/native/3.4.2.1002/avr8-gnu-toolchain/bin/../lib/gcc/avr/4.7.2/avr5\libgcc.a(_clear_bss.o)
 .text.libgcc   0x00000000        0x0 c:/program files (x86)/atmel/atmel toolchain/avr8 gcc/native/3.4.2.1002/avr8-gnu-toolchain/bin/../lib/gcc/avr/4.7.2/avr5\libgcc.a(_clear_bss.o)
 .text.libgcc.prologue
                0x00000000        0x0 c:/program files (x86)/atmel/atmel toolchain/avr8 gcc/native/3.4.2.1002/avr8-gnu-toolchain/bin/../lib/gcc/avr/4.7.2/avr5\libgcc.a(_clear_bss.o)
 .text.libgcc.builtins
                0x00000000        0x0 c:/program files (x86)/atmel/atmel toolchain/avr8 gcc/native/3.4.2.1002/avr8-gnu-toolchain/bin/../lib/gcc/avr/4.7.2/avr5\libgcc.a(_clear_bss.o)
 .text.libgcc.fmul
                0x00000000        0x0 c:/program files (x86)/atmel/atmel toolchain/avr8 gcc/native/3.4.2.1002/avr8-gnu-toolchain/bin/../lib/gcc/avr/4.7.2/avr5\libgcc.a(_clear_bss.o)

Memory Configuration

Name             Origin             Length             Attributes
text             0x00000000         0x00020000         xr
data             0x00800060         0x0000ffa0         rw !x
eeprom           0x00810000         0x00010000         rw !x
fuse             0x00820000         0x00000400         rw !x
lock             0x00830000         0x00000400         rw !x
signature        0x00840000         0x00000400         rw !x
user_signatures  0x00850000         0x00000400         rw !x
*default*        0x00000000         0xffffffff

Linker script and memory map

LOAD c:/program files (x86)/atmel/atmel toolchain/avr8 gcc/native/3.4.2.1002/avr8-gnu-toolchain/bin/../lib/gcc/avr/4.7.2/../../../../avr/lib/avr5/crtm32.o
LOAD Keypad.o
LOAD MGPIO_program.o
LOAD MUART_program.o
LOAD safe_App.o
LOAD Safe_progarm.o
START GROUP
LOAD c:/program files (x86)/atmel/atmel toolchain/avr8 gcc/native/3.4.2.1002/avr8-gnu-toolchain/bin/../lib/gcc/avr/4.7.2/../../../../avr/lib/avr5\libm.a
END GROUP
LOAD c:/program files (x86)/atmel/atmel toolchain/avr8 gcc/native/3.4.2.1002/avr8-gnu-toolchain/bin/../lib/gcc/avr/4.7.2/avr5\libgcc.a
LOAD c:/program files (x86)/atmel/atmel toolchain/avr8 gcc/native/3.4.2.1002/avr8-gnu-toolchain/bin/../lib/gcc/avr/4.7.2/../../../../avr/lib/avr5\libc.a
LOAD c:/program files (x86)/atmel/atmel toolchain/avr8 gcc/native/3.4.2.1002/avr8-gnu-toolchain/bin/../lib/gcc/avr/4.7.2/avr5\libgcc.a

.hash
 *(.hash)

.dynsym
 *(.dynsym)

.dynstr
 *(.dynstr)

.gnu.version
 *(.gnu.version)

.gnu.version_d
 *(.gnu.version_d)

.gnu.version_r
 *(.gnu.version_r)

.rel.init
 *(.rel.init)

.rela.init
 *(.rela.init)

.rel.text
 *(.rel.text)
 *(.rel.text.*)
 *(.rel.gnu.linkonce.t*)

.rela.text
 *(.rela.text)
 *(.rela.text.*)
 *(.rela.gnu.linkonce.t*)

.rel.fini
 *(.rel.fini)

.rela.fini
 *(.rela.fini)

.rel.rodata
 *(.rel.rodata)
 *(.rel.rodata.*)
 *(.rel.gnu.linkonce.r*)

.rela.rodata
 *(.rela.rodata)
 *(.rela.rodata.*)
 *(.rela.gnu.linkonce.r*)

.rel.data
 *(.rel.data)
 *(.rel.data.*)
 *(.rel.gnu.linkonce.d*)

.rela.data
 *(.rela.data)
 *(.rela.data.*)
 *(.rela.gnu.linkonce.d*)

.rel.ctors
 *(.rel.ctors)

.rela.ctors
 *(.rela.ctors)

.rel.dtors
 *(.rel.dtors)

.rela.dtors
 *(.rela.dtors)

.rel.got
 *(.rel.got)

.rela.got
 *(.rela.got)

.rel.bss
 *(.rel.bss)

.rela.bss
 *(.rela.bss)

.rel.plt
 *(.rel.plt)

.rela.plt
 *(.rela.plt)

.text           0x00000000      0x4d2
 *(.vectors)
 .vectors       0x00000000       0x54 c:/program files (x86)/atmel/atmel toolchain/avr8 gcc/native/3.4.2.1002/avr8-gnu-toolchain/bin/../lib/gcc/avr/4.7.2/../../../../avr/lib/avr5/crtm32.o
                0x00000000                __vector_default
                0x00000000                __vectors
 *(.vectors)
 *(.progmem.gcc*)
 *(.progmem*)
                0x00000054                . = ALIGN (0x2)
                0x00000054                __trampolines_start = .
 *(.trampolines)
 .trampolines   0x00000054        0x0 linker stubs
 *(.trampolines*)
                0x00000054                __trampolines_end = .
 *(.jumptables)
 *(.jumptables*)
 *(.lowtext)
 *(.lowtext*)
                0x00000054                __ctors_start = .
 *(.ctors)
                0x00000054                __ctors_end = .
                0x00000054                __dtors_start = .
 *(.dtors)
                0x00000054                __dtors_end = .
 SORT(*)(.ctors)
 SORT(*)(.dtors)
 *(.init0)
 .init0         0x00000054        0x0 c:/program files (x86)/atmel/atmel toolchain/avr8 gcc/native/3.4.2.1002/avr8-gnu-toolchain/bin/../lib/gcc/avr/4.7.2/../../../../avr/lib/avr5/crtm32.o
                0x00000054                __init
 *(.init0)
 *(.init1)
 *(.init1)
 *(.init2)
 .init2         0x00000054        0xc c:/program files (x86)/atmel/atmel toolchain/avr8 gcc/native/3.4.2.1002/avr8-gnu-toolchain/bin/../lib/gcc/avr/4.7.2/../../../../avr/lib/avr5/crtm32.o
 *(.init2)
 *(.init3)
 *(.init3)
 *(.init4)
 .init4         0x00000060       0x16 c:/program files (x86)/atmel/atmel toolchain/avr8 gcc/native/3.4.2.1002/avr8-gnu-toolchain/bin/../lib/gcc/avr/4.7.2/avr5\libgcc.a(_copy_data.o)
                0x00000060                __do_copy_data
 .init4         0x00000076       0x10 c:/program files (x86)/atmel/atmel toolchain/avr8 gcc/native/3.4.2.1002/avr8-gnu-toolchain/bin/../lib/gcc/avr/4.7.2/avr5\libgcc.a(_clear_bss.o)
                0x00000076                __do_clear_bss
 *(.init4)
 *(.init5)
 *(.init5)
 *(.init6)
 *(.init6)
 *(.init7)
 *(.init7)
 *(.init8)
 *(.init8)
 *(.init9)
 .init9         0x00000086        0x8 c:/program files (x86)/atmel/atmel toolchain/avr8 gcc/native/3.4.2.1002/avr8-gnu-toolchain/bin/../lib/gcc/avr/4.7.2/../../../../avr/lib/avr5/crtm32.o
 *(.init9)
 *(.text)
 .text          0x0000008e        0x4 c:/program files (x86)/atmel/atmel toolchain/avr8 gcc/native/3.4.2.1002/avr8-gnu-toolchain/bin/../lib/gcc/avr/4.7.2/../../../../avr/lib/avr5/crtm32.o
                0x0000008e                __vector_1
                0x0000008e                __vector_12
                0x0000008e                __bad_interrupt
                0x0000008e                __vector_6
                0x0000008e                __vector_3
                0x0000008e                __vector_11
                0x0000008e                __vector_17
                0x0000008e                __vector_19
                0x0000008e                __vector_7
                0x0000008e                __vector_5
                0x0000008e                __vector_4
                0x0000008e                __vector_9
                0x0000008e                __vector_2
                0x0000008e                __vector_8
                0x0000008e                __vector_10
                0x0000008e                __vector_16
                0x0000008e                __vector_18
                0x0000008e                __vector_20
                0x00000092                . = ALIGN (0x2)
 *(.text.*)
 .text.KeyPad_4x3_adjustKeyNumber
                0x00000092       0x1c Keypad.o
                0x00000092                KeyPad_4x3_adjustKeyNumber
 .text.KeyPad_getPressedKey
                0x000000ae       0x64 Keypad.o
                0x000000ae                KeyPad_getPressedKey
 .text.MGPIO_SetPortDirection
                0x00000112      0x118 MGPIO_program.o
                0x00000112                MGPIO_SetPortDirection
 .text.__vector_13
                0x0000022a       0x4e MUART_program.o
                0x0000022a                __vector_13
 .text.__vector_15
                0x00000278       0x4e MUART_program.o
                0x00000278                __vector_15
 .text.__vector_14
                0x000002c6       0x4e MUART_program.o
                0x000002c6                __vector_14
 .text.MUART_boolInit
                0x00000314      0x15a MUART_program.o
                0x00000314                MUART_boolInit
 .text.MUART_voidTransmitChar
                0x0000046e        0x8 MUART_program.o
                0x0000046e                MUART_voidTransmitChar
 .text.main     0x00000476        0xa safe_App.o
                0x00000476                main
 .text.Safe_Init
                0x00000480       0x14 Safe_progarm.o
                0x00000480                Safe_Init
 .text.Safe_Start
                0x00000494       0x3a Safe_progarm.o
                0x00000494                Safe_Start
                0x000004ce                . = ALIGN (0x2)
 *(.fini9)
 .fini9         0x000004ce        0x0 c:/program files (x86)/atmel/atmel toolchain/avr8 gcc/native/3.4.2.1002/avr8-gnu-toolchain/bin/../lib/gcc/avr/4.7.2/avr5\libgcc.a(_exit.o)
                0x000004ce                _exit
                0x000004ce                exit
 *(.fini9)
 *(.fini8)
 *(.fini8)
 *(.fini7)
 *(.fini7)
 *(.fini6)
 *(.fini6)
 *(.fini5)
 *(.fini5)
 *(.fini4)
 *(.fini4)
 *(.fini3)
 *(.fini3)
 *(.fini2)
 *(.fini2)
 *(.fini1)
 *(.fini1)
 *(.fini0)
 .fini0         0x000004ce        0x4 c:/program files (x86)/atmel/atmel toolchain/avr8 gcc/native/3.4.2.1002/avr8-gnu-toolchain/bin/../lib/gcc/avr/4.7.2/avr5\libgcc.a(_exit.o)
 *(.fini0)
                0x000004d2                _etext = .

.data           0x00800060        0xc load address 0x000004d2
                0x00800060                PROVIDE (__data_start, .)
 *(.data)
 .data          0x00800060        0x0 c:/program files (x86)/atmel/atmel toolchain/avr8 gcc/native/3.4.2.1002/avr8-gnu-toolchain/bin/../lib/gcc/avr/4.7.2/../../../../avr/lib/avr5/crtm32.o
 .data          0x00800060        0x0 Keypad.o
 .data          0x00800060        0x0 MGPIO_program.o
 .data          0x00800060        0x0 MUART_program.o
 .data          0x00800060        0x0 safe_App.o
 .data          0x00800060        0x0 Safe_progarm.o
 .data          0x00800060        0x0 c:/program files (x86)/atmel/atmel toolchain/avr8 gcc/native/3.4.2.1002/avr8-gnu-toolchain/bin/../lib/gcc/avr/4.7.2/avr5\libgcc.a(_exit.o)
 .data          0x00800060        0x0 c:/program files (x86)/atmel/atmel toolchain/avr8 gcc/native/3.4.2.1002/avr8-gnu-toolchain/bin/../lib/gcc/avr/4.7.2/avr5\libgcc.a(_copy_data.o)
 .data          0x00800060        0x0 c:/program files (x86)/atmel/atmel toolchain/avr8 gcc/native/3.4.2.1002/avr8-gnu-toolchain/bin/../lib/gcc/avr/4.7.2/avr5\libgcc.a(_clear_bss.o)
 *(.data*)
 .data.obj      0x00800060        0xc Safe_progarm.o
                0x00800060                obj
 *(.rodata)
 *(.rodata*)
 *(.gnu.linkonce.d*)
                0x0080006c                . = ALIGN (0x2)
                0x0080006c                _edata = .
                0x0080006c                PROVIDE (__data_end, .)

.bss            0x0080006c        0x5
                0x0080006c                PROVIDE (__bss_start, .)
 *(.bss)
 *(.bss*)
 .bss.uart_RxCallBack
                0x0080006c        0x2 MUART_program.o
 .bss.uart_TxCallBack
                0x0080006e        0x2 MUART_program.o
 .bss.PressedKey
                0x00800070        0x1 Safe_progarm.o
                0x00800070                PressedKey
 *(COMMON)
                0x00800071                PROVIDE (__bss_end, .)
                0x000004d2                __data_load_start = LOADADDR (.data)
                0x000004de                __data_load_end = (__data_load_start + SIZEOF (.data))

.noinit         0x00800071        0x0
                0x00800071                PROVIDE (__noinit_start, .)
 *(.noinit*)
                0x00800071                PROVIDE (__noinit_end, .)
                0x00800071                _end = .
                0x00800071                PROVIDE (__heap_start, .)

.eeprom         0x00810000        0x0
 *(.eeprom*)
                0x00810000                __eeprom_end = .

.fuse
 *(.fuse)
 *(.lfuse)
 *(.hfuse)
 *(.efuse)

.lock
 *(.lock*)

.signature
 *(.signature*)

.user_signatures
 *(.user_signatures*)

.stab           0x00000000      0x6cc
 *(.stab)
 .stab          0x00000000      0x6cc c:/program files (x86)/atmel/atmel toolchain/avr8 gcc/native/3.4.2.1002/avr8-gnu-toolchain/bin/../lib/gcc/avr/4.7.2/../../../../avr/lib/avr5/crtm32.o

.stabstr        0x00000000       0x97
 *(.stabstr)
 .stabstr       0x00000000       0x97 c:/program files (x86)/atmel/atmel toolchain/avr8 gcc/native/3.4.2.1002/avr8-gnu-toolchain/bin/../lib/gcc/avr/4.7.2/../../../../avr/lib/avr5/crtm32.o

.stab.excl
 *(.stab.excl)

.stab.exclstr
 *(.stab.exclstr)

.stab.index
 *(.stab.index)

.stab.indexstr
 *(.stab.indexstr)

.comment        0x00000000       0x2f
 *(.comment)
 .comment       0x00000000       0x2f Keypad.o
                                 0x30 (size before relaxing)
 .comment       0x00000000       0x30 MGPIO_program.o
 .comment       0x00000000       0x30 MUART_program.o
 .comment       0x00000000       0x30 safe_App.o
 .comment       0x00000000       0x30 Safe_progarm.o

.debug
 *(.debug)

.line
 *(.line)

.debug_srcinfo
 *(.debug_srcinfo)

.debug_sfnames
 *(.debug_sfnames)

.debug_aranges  0x00000000      0x110
 *(.debug_aranges)
 .debug_aranges
                0x00000000       0x28 Keypad.o
 .debug_aranges
                0x00000028       0x38 MGPIO_program.o
 .debug_aranges
                0x00000060       0x68 MUART_program.o
 .debug_aranges
                0x000000c8       0x20 safe_App.o
 .debug_aranges
                0x000000e8       0x28 Safe_progarm.o

.debug_pubnames
 *(.debug_pubnames)

.debug_info     0x00000000      0xc62
 *(.debug_info)
 .debug_info    0x00000000       0xe3 Keypad.o
 .debug_info    0x000000e3      0x1ac MGPIO_program.o
 .debug_info    0x0000028f      0x490 MUART_program.o
 .debug_info    0x0000071f       0x8b safe_App.o
 .debug_info    0x000007aa      0x4b8 Safe_progarm.o
 *(.gnu.linkonce.wi.*)

.debug_abbrev   0x00000000      0x4a1
 *(.debug_abbrev)
 .debug_abbrev  0x00000000       0x98 Keypad.o
 .debug_abbrev  0x00000098       0xb4 MGPIO_program.o
 .debug_abbrev  0x0000014c      0x12c MUART_program.o
 .debug_abbrev  0x00000278       0x64 safe_App.o
 .debug_abbrev  0x000002dc      0x1c5 Safe_progarm.o

.debug_line     0x00000000      0x630
 *(.debug_line)
 .debug_line    0x00000000       0x6e Keypad.o
 .debug_line    0x0000006e      0x189 MGPIO_program.o
 .debug_line    0x000001f7      0x1f4 MUART_program.o
 .debug_line    0x000003eb       0x56 safe_App.o
 .debug_line    0x00000441      0x1ef Safe_progarm.o

.debug_frame    0x00000000      0x278
 *(.debug_frame)
 .debug_frame   0x00000000       0x34 Keypad.o
 .debug_frame   0x00000034       0x54 MGPIO_program.o
 .debug_frame   0x00000088      0x18c MUART_program.o
 .debug_frame   0x00000214       0x24 safe_App.o
 .debug_frame   0x00000238       0x40 Safe_progarm.o

.debug_str      0x00000000      0x627
 *(.debug_str)
 .debug_str     0x00000000      0x118 Keypad.o
                                0x14c (size before relaxing)
 .debug_str     0x00000118       0x9a MGPIO_program.o
                                0x15a (size before relaxing)
 .debug_str     0x000001b2      0x3d2 MUART_program.o
                                0x586 (size before relaxing)
 .debug_str     0x00000584       0x2a safe_App.o
                                 0xe3 (size before relaxing)
 .debug_str     0x000005ae       0x79 Safe_progarm.o
                                0x54c (size before relaxing)

.debug_loc      0x00000000      0xa4c
 *(.debug_loc)
 .debug_loc     0x00000000       0x92 Keypad.o
 .debug_loc     0x00000092      0x5e5 MGPIO_program.o
 .debug_loc     0x00000677      0x30f MUART_program.o
 .debug_loc     0x00000986       0xc6 Safe_progarm.o

.debug_macinfo
 *(.debug_macinfo)

.debug_pubtypes
 *(.debug_pubtypes)

.debug_ranges   0x00000000       0xc0
 *(.debug_ranges)
 .debug_ranges  0x00000000       0x18 Keypad.o
 .debug_ranges  0x00000018       0x28 MGPIO_program.o
 .debug_ranges  0x00000040       0x58 MUART_program.o
 .debug_ranges  0x00000098       0x10 safe_App.o
 .debug_ranges  0x000000a8       0x18 Safe_progarm.o

.debug_macro
 *(.debug_macro)
OUTPUT(safe_App.elf elf32-avr)
LOAD linker stubs
